===== SLURM ENVIRONMENT =====
Job ID:    3866502
Node List: matrix101
CPUs:      8
MASTER_ADDR:PORT = matrix101:45342
GPUS_PER_NODE = 1

===== ACTIVATING CONDA ENV =====
Python: /rhome/sawale/miniconda3/envs/thesis/bin/python
Python 3.12.11

===== TORCH GPU TEST =====
CUDA available: True
Number of GPUs: 1
  GPU 0: NVIDIA A100 80GB PCIe

===== STARTING TRAINING =====
--- e3: MRL (microsoft/mpnet-base) ---
RANK: 0; LOCAL_RANK: 0.
RANK:0;▶ Processing: msmacro_triplet
RANK:0;▶ Processing: s2orc_title_abstract
RANK:0;▶ Processing: quora_dup_triplet
RANK:0;▶ Processing: nli_for_simcse_triplet
RANK:0;▶ Processing: natural_questions
RANK:0;▶ Processing: trivia_qa_triplet
RANK:0;▶ Processing: hotpotqa
RANK:0;Total rows: 58726452
Cache directory is set to: ../data/cache_v1/NROWS_None_evaluator/validation/max_per_split_20
Transforming dataset source for Evaluation: msmacro_triplet
Loading processed data for 'msmacro_triplet' from cache.
Transforming dataset source for Evaluation: s2orc_title_abstract
Loading processed data for 's2orc_title_abstract' from cache.
Transforming dataset source for Evaluation: quora_dup_triplet
Loading processed data for 'quora_dup_triplet' from cache.
Transforming dataset source for Evaluation: nli_for_simcse_triplet
Loading processed data for 'nli_for_simcse_triplet' from cache.
Transforming dataset source for Evaluation: natural_questions
Loading processed data for 'natural_questions' from cache.
Transforming dataset source for Evaluation: trivia_qa_triplet
Loading processed data for 'trivia_qa_triplet' from cache.
Transforming dataset source for Evaluation: hotpotqa
Loading processed data for 'hotpotqa' from cache.
Prepared SequentialEvaluator with: ['ir_evaluator', 'triplet_evaluator', 'mnr_loss']
RANK:0;Starting training...
{'loss': '7.614', 'grad_norm': '17.12', 'learning_rate': '1.951e-05', 'epoch': '0.1221'}
{'eval_ir_evaluator_cosine_accuracy@1': '0.9857', 'eval_ir_evaluator_cosine_accuracy@5': '1', 'eval_ir_evaluator_cosine_accuracy@10': '1', 'eval_ir_evaluator_cosine_precision@1': '0.9857', 'eval_ir_evaluator_cosine_precision@5': '0.2', 'eval_ir_evaluator_cosine_precision@10': '0.1', 'eval_ir_evaluator_cosine_recall@1': '0.9857', 'eval_ir_evaluator_cosine_recall@5': '1', 'eval_ir_evaluator_cosine_recall@10': '1', 'eval_ir_evaluator_cosine_ndcg@1': '0.9857', 'eval_ir_evaluator_cosine_ndcg@5': '0.9933', 'eval_ir_evaluator_cosine_ndcg@10': '0.9933', 'eval_ir_evaluator_cosine_mrr@1': '0.9857', 'eval_ir_evaluator_cosine_mrr@5': '0.9911', 'eval_ir_evaluator_cosine_mrr@10': '0.9911', 'eval_ir_evaluator_cosine_map@1': '0.9857', 'eval_ir_evaluator_cosine_map@5': '0.9911', 'eval_ir_evaluator_cosine_map@10': '0.9911', 'eval_triplet_evaluator_cosine_accuracy': '0.9', 'eval_mnr_loss/avg': '0.07466', 'eval_mnr_loss/sum': '0.672', 'eval_sequential_score': '0.07466', 'eval_runtime': '1.117', 'eval_samples_per_second': '0', 'eval_steps_per_second': '0', 'epoch': '0.1221'}
{'loss': '2.642', 'grad_norm': '16.75', 'learning_rate': '1.68e-05', 'epoch': '0.2442'}
{'eval_ir_evaluator_cosine_accuracy@1': '0.9857', 'eval_ir_evaluator_cosine_accuracy@5': '1', 'eval_ir_evaluator_cosine_accuracy@10': '1', 'eval_ir_evaluator_cosine_precision@1': '0.9857', 'eval_ir_evaluator_cosine_precision@5': '0.2', 'eval_ir_evaluator_cosine_precision@10': '0.1', 'eval_ir_evaluator_cosine_recall@1': '0.9857', 'eval_ir_evaluator_cosine_recall@5': '1', 'eval_ir_evaluator_cosine_recall@10': '1', 'eval_ir_evaluator_cosine_ndcg@1': '0.9857', 'eval_ir_evaluator_cosine_ndcg@5': '0.9929', 'eval_ir_evaluator_cosine_ndcg@10': '0.9929', 'eval_ir_evaluator_cosine_mrr@1': '0.9857', 'eval_ir_evaluator_cosine_mrr@5': '0.9905', 'eval_ir_evaluator_cosine_mrr@10': '0.9905', 'eval_ir_evaluator_cosine_map@1': '0.9857', 'eval_ir_evaluator_cosine_map@5': '0.9905', 'eval_ir_evaluator_cosine_map@10': '0.9905', 'eval_triplet_evaluator_cosine_accuracy': '0.92', 'eval_mnr_loss/avg': '0.07539', 'eval_mnr_loss/sum': '0.6785', 'eval_sequential_score': '0.07539', 'eval_runtime': '1.095', 'eval_samples_per_second': '0', 'eval_steps_per_second': '0', 'epoch': '0.2442'}
{'loss': '2.423', 'grad_norm': '14.12', 'learning_rate': '1.408e-05', 'epoch': '0.3663'}
{'eval_ir_evaluator_cosine_accuracy@1': '0.9857', 'eval_ir_evaluator_cosine_accuracy@5': '1', 'eval_ir_evaluator_cosine_accuracy@10': '1', 'eval_ir_evaluator_cosine_precision@1': '0.9857', 'eval_ir_evaluator_cosine_precision@5': '0.2', 'eval_ir_evaluator_cosine_precision@10': '0.1', 'eval_ir_evaluator_cosine_recall@1': '0.9857', 'eval_ir_evaluator_cosine_recall@5': '1', 'eval_ir_evaluator_cosine_recall@10': '1', 'eval_ir_evaluator_cosine_ndcg@1': '0.9857', 'eval_ir_evaluator_cosine_ndcg@5': '0.9929', 'eval_ir_evaluator_cosine_ndcg@10': '0.9929', 'eval_ir_evaluator_cosine_mrr@1': '0.9857', 'eval_ir_evaluator_cosine_mrr@5': '0.9905', 'eval_ir_evaluator_cosine_mrr@10': '0.9905', 'eval_ir_evaluator_cosine_map@1': '0.9857', 'eval_ir_evaluator_cosine_map@5': '0.9905', 'eval_ir_evaluator_cosine_map@10': '0.9905', 'eval_triplet_evaluator_cosine_accuracy': '0.92', 'eval_mnr_loss/avg': '0.07217', 'eval_mnr_loss/sum': '0.6495', 'eval_sequential_score': '0.07217', 'eval_runtime': '1.143', 'eval_samples_per_second': '0', 'eval_steps_per_second': '0', 'epoch': '0.3663'}
{'loss': '2.354', 'grad_norm': '19.38', 'learning_rate': '1.137e-05', 'epoch': '0.4885'}
{'eval_ir_evaluator_cosine_accuracy@1': '0.9857', 'eval_ir_evaluator_cosine_accuracy@5': '1', 'eval_ir_evaluator_cosine_accuracy@10': '1', 'eval_ir_evaluator_cosine_precision@1': '0.9857', 'eval_ir_evaluator_cosine_precision@5': '0.2', 'eval_ir_evaluator_cosine_precision@10': '0.1', 'eval_ir_evaluator_cosine_recall@1': '0.9857', 'eval_ir_evaluator_cosine_recall@5': '1', 'eval_ir_evaluator_cosine_recall@10': '1', 'eval_ir_evaluator_cosine_ndcg@1': '0.9857', 'eval_ir_evaluator_cosine_ndcg@5': '0.9929', 'eval_ir_evaluator_cosine_ndcg@10': '0.9929', 'eval_ir_evaluator_cosine_mrr@1': '0.9857', 'eval_ir_evaluator_cosine_mrr@5': '0.9905', 'eval_ir_evaluator_cosine_mrr@10': '0.9905', 'eval_ir_evaluator_cosine_map@1': '0.9857', 'eval_ir_evaluator_cosine_map@5': '0.9905', 'eval_ir_evaluator_cosine_map@10': '0.9905', 'eval_triplet_evaluator_cosine_accuracy': '0.92', 'eval_mnr_loss/avg': '0.07119', 'eval_mnr_loss/sum': '0.6407', 'eval_sequential_score': '0.07119', 'eval_runtime': '1.151', 'eval_samples_per_second': '0', 'eval_steps_per_second': '0', 'epoch': '0.4885'}
{'loss': '2.341', 'grad_norm': '14.5', 'learning_rate': '8.657e-06', 'epoch': '0.6106'}
{'eval_ir_evaluator_cosine_accuracy@1': '0.9857', 'eval_ir_evaluator_cosine_accuracy@5': '1', 'eval_ir_evaluator_cosine_accuracy@10': '1', 'eval_ir_evaluator_cosine_precision@1': '0.9857', 'eval_ir_evaluator_cosine_precision@5': '0.2', 'eval_ir_evaluator_cosine_precision@10': '0.1', 'eval_ir_evaluator_cosine_recall@1': '0.9857', 'eval_ir_evaluator_cosine_recall@5': '1', 'eval_ir_evaluator_cosine_recall@10': '1', 'eval_ir_evaluator_cosine_ndcg@1': '0.9857', 'eval_ir_evaluator_cosine_ndcg@5': '0.9929', 'eval_ir_evaluator_cosine_ndcg@10': '0.9929', 'eval_ir_evaluator_cosine_mrr@1': '0.9857', 'eval_ir_evaluator_cosine_mrr@5': '0.9905', 'eval_ir_evaluator_cosine_mrr@10': '0.9905', 'eval_ir_evaluator_cosine_map@1': '0.9857', 'eval_ir_evaluator_cosine_map@5': '0.9905', 'eval_ir_evaluator_cosine_map@10': '0.9905', 'eval_triplet_evaluator_cosine_accuracy': '0.92', 'eval_mnr_loss/avg': '0.07109', 'eval_mnr_loss/sum': '0.6398', 'eval_sequential_score': '0.07109', 'eval_runtime': '1.083', 'eval_samples_per_second': '0', 'eval_steps_per_second': '0', 'epoch': '0.6106'}
{'loss': '2.331', 'grad_norm': '15.06', 'learning_rate': '5.943e-06', 'epoch': '0.7327'}
{'eval_ir_evaluator_cosine_accuracy@1': '0.9857', 'eval_ir_evaluator_cosine_accuracy@5': '1', 'eval_ir_evaluator_cosine_accuracy@10': '1', 'eval_ir_evaluator_cosine_precision@1': '0.9857', 'eval_ir_evaluator_cosine_precision@5': '0.2', 'eval_ir_evaluator_cosine_precision@10': '0.1', 'eval_ir_evaluator_cosine_recall@1': '0.9857', 'eval_ir_evaluator_cosine_recall@5': '1', 'eval_ir_evaluator_cosine_recall@10': '1', 'eval_ir_evaluator_cosine_ndcg@1': '0.9857', 'eval_ir_evaluator_cosine_ndcg@5': '0.9929', 'eval_ir_evaluator_cosine_ndcg@10': '0.9929', 'eval_ir_evaluator_cosine_mrr@1': '0.9857', 'eval_ir_evaluator_cosine_mrr@5': '0.9905', 'eval_ir_evaluator_cosine_mrr@10': '0.9905', 'eval_ir_evaluator_cosine_map@1': '0.9857', 'eval_ir_evaluator_cosine_map@5': '0.9905', 'eval_ir_evaluator_cosine_map@10': '0.9905', 'eval_triplet_evaluator_cosine_accuracy': '0.92', 'eval_mnr_loss/avg': '0.07061', 'eval_mnr_loss/sum': '0.6355', 'eval_sequential_score': '0.07061', 'eval_runtime': '1.033', 'eval_samples_per_second': '0', 'eval_steps_per_second': '0', 'epoch': '0.7327'}
{'loss': '2.346', 'grad_norm': '15.25', 'learning_rate': '3.229e-06', 'epoch': '0.8548'}
{'eval_ir_evaluator_cosine_accuracy@1': '0.9857', 'eval_ir_evaluator_cosine_accuracy@5': '1', 'eval_ir_evaluator_cosine_accuracy@10': '1', 'eval_ir_evaluator_cosine_precision@1': '0.9857', 'eval_ir_evaluator_cosine_precision@5': '0.2', 'eval_ir_evaluator_cosine_precision@10': '0.1', 'eval_ir_evaluator_cosine_recall@1': '0.9857', 'eval_ir_evaluator_cosine_recall@5': '1', 'eval_ir_evaluator_cosine_recall@10': '1', 'eval_ir_evaluator_cosine_ndcg@1': '0.9857', 'eval_ir_evaluator_cosine_ndcg@5': '0.9929', 'eval_ir_evaluator_cosine_ndcg@10': '0.9929', 'eval_ir_evaluator_cosine_mrr@1': '0.9857', 'eval_ir_evaluator_cosine_mrr@5': '0.9905', 'eval_ir_evaluator_cosine_mrr@10': '0.9905', 'eval_ir_evaluator_cosine_map@1': '0.9857', 'eval_ir_evaluator_cosine_map@5': '0.9905', 'eval_ir_evaluator_cosine_map@10': '0.9905', 'eval_triplet_evaluator_cosine_accuracy': '0.92', 'eval_mnr_loss/avg': '0.07058', 'eval_mnr_loss/sum': '0.6352', 'eval_sequential_score': '0.07058', 'eval_runtime': '1.02', 'eval_samples_per_second': '0', 'eval_steps_per_second': '0', 'epoch': '0.8548'}
{'loss': '2.319', 'grad_norm': '16.12', 'learning_rate': '5.156e-07', 'epoch': '0.9769'}
{'eval_ir_evaluator_cosine_accuracy@1': '0.9857', 'eval_ir_evaluator_cosine_accuracy@5': '1', 'eval_ir_evaluator_cosine_accuracy@10': '1', 'eval_ir_evaluator_cosine_precision@1': '0.9857', 'eval_ir_evaluator_cosine_precision@5': '0.2', 'eval_ir_evaluator_cosine_precision@10': '0.1', 'eval_ir_evaluator_cosine_recall@1': '0.9857', 'eval_ir_evaluator_cosine_recall@5': '1', 'eval_ir_evaluator_cosine_recall@10': '1', 'eval_ir_evaluator_cosine_ndcg@1': '0.9857', 'eval_ir_evaluator_cosine_ndcg@5': '0.9929', 'eval_ir_evaluator_cosine_ndcg@10': '0.9929', 'eval_ir_evaluator_cosine_mrr@1': '0.9857', 'eval_ir_evaluator_cosine_mrr@5': '0.9905', 'eval_ir_evaluator_cosine_mrr@10': '0.9905', 'eval_ir_evaluator_cosine_map@1': '0.9857', 'eval_ir_evaluator_cosine_map@5': '0.9905', 'eval_ir_evaluator_cosine_map@10': '0.9905', 'eval_triplet_evaluator_cosine_accuracy': '0.92', 'eval_mnr_loss/avg': '0.07073', 'eval_mnr_loss/sum': '0.6366', 'eval_sequential_score': '0.07073', 'eval_runtime': '1.056', 'eval_samples_per_second': '0', 'eval_steps_per_second': '0', 'epoch': '0.9769'}
{'eval_ir_evaluator_cosine_accuracy@1': '0.9857', 'eval_ir_evaluator_cosine_accuracy@5': '1', 'eval_ir_evaluator_cosine_accuracy@10': '1', 'eval_ir_evaluator_cosine_precision@1': '0.9857', 'eval_ir_evaluator_cosine_precision@5': '0.2', 'eval_ir_evaluator_cosine_precision@10': '0.1', 'eval_ir_evaluator_cosine_recall@1': '0.9857', 'eval_ir_evaluator_cosine_recall@5': '1', 'eval_ir_evaluator_cosine_recall@10': '1', 'eval_ir_evaluator_cosine_ndcg@1': '0.9857', 'eval_ir_evaluator_cosine_ndcg@5': '0.9929', 'eval_ir_evaluator_cosine_ndcg@10': '0.9929', 'eval_ir_evaluator_cosine_mrr@1': '0.9857', 'eval_ir_evaluator_cosine_mrr@5': '0.9905', 'eval_ir_evaluator_cosine_mrr@10': '0.9905', 'eval_ir_evaluator_cosine_map@1': '0.9857', 'eval_ir_evaluator_cosine_map@5': '0.9905', 'eval_ir_evaluator_cosine_map@10': '0.9905', 'eval_triplet_evaluator_cosine_accuracy': '0.92', 'eval_mnr_loss/avg': '0.07051', 'eval_mnr_loss/sum': '0.6346', 'eval_sequential_score': '0.07051', 'eval_runtime': '1.183', 'eval_samples_per_second': '0', 'eval_steps_per_second': '0', 'epoch': '1'}
{'train_runtime': '4.917e+04', 'train_samples_per_second': '1135', 'train_steps_per_second': '0.167', 'train_loss': '3.03', 'epoch': '1'}
RANK:0;Finished training...
RANK: 0; Elapsed time: 49205.41 seconds
===== TRAINING DONE =====
