===== SLURM ENVIRONMENT =====
Job ID:    3867032
Node List: matrix101
CPUs:      8
MASTER_ADDR:PORT = matrix101:36528
GPUS_PER_NODE = 1

===== ACTIVATING CONDA ENV =====
Python: /rhome/sawale/miniconda3/envs/thesis/bin/python
Python 3.12.11

===== TORCH GPU TEST =====
CUDA available: True
Number of GPUs: 1
  GPU 0: NVIDIA A100 80GB PCIe

===== STARTING TRAINING =====
--- e5 gamma=0.05 (microsoft/mpnet-base) ---
RANK: 0; LOCAL_RANK: 0.
RANK:0;▶ Processing: msmacro_triplet
RANK:0;▶ Processing: s2orc_title_abstract
RANK:0;▶ Processing: quora_dup_triplet
RANK:0;▶ Processing: nli_for_simcse_triplet
RANK:0;▶ Processing: natural_questions
RANK:0;▶ Processing: trivia_qa_triplet
RANK:0;▶ Processing: hotpotqa
RANK:0;Total rows: 58726452
Cache directory is set to: ../data/cache_v1/NROWS_None_evaluator/validation/max_per_split_20
Transforming dataset source for Evaluation: msmacro_triplet
Loading processed data for 'msmacro_triplet' from cache.
Transforming dataset source for Evaluation: s2orc_title_abstract
Loading processed data for 's2orc_title_abstract' from cache.
Transforming dataset source for Evaluation: quora_dup_triplet
Loading processed data for 'quora_dup_triplet' from cache.
Transforming dataset source for Evaluation: nli_for_simcse_triplet
Loading processed data for 'nli_for_simcse_triplet' from cache.
Transforming dataset source for Evaluation: natural_questions
Loading processed data for 'natural_questions' from cache.
Transforming dataset source for Evaluation: trivia_qa_triplet
Loading processed data for 'trivia_qa_triplet' from cache.
Transforming dataset source for Evaluation: hotpotqa
Loading processed data for 'hotpotqa' from cache.
Prepared SequentialEvaluator with: ['ir_evaluator', 'triplet_evaluator', 'mnr_loss']
RANK:0;Starting training...
{'loss': '0.342', 'grad_norm': '1.78', 'learning_rate': '1.951e-05', 'epoch': '0.1221'}
{'eval_ir_evaluator_cosine_accuracy@1': '0.9714', 'eval_ir_evaluator_cosine_accuracy@5': '1', 'eval_ir_evaluator_cosine_accuracy@10': '1', 'eval_ir_evaluator_cosine_precision@1': '0.9714', 'eval_ir_evaluator_cosine_precision@5': '0.2', 'eval_ir_evaluator_cosine_precision@10': '0.1', 'eval_ir_evaluator_cosine_recall@1': '0.9714', 'eval_ir_evaluator_cosine_recall@5': '1', 'eval_ir_evaluator_cosine_recall@10': '1', 'eval_ir_evaluator_cosine_ndcg@1': '0.9714', 'eval_ir_evaluator_cosine_ndcg@5': '0.988', 'eval_ir_evaluator_cosine_ndcg@10': '0.988', 'eval_ir_evaluator_cosine_mrr@1': '0.9714', 'eval_ir_evaluator_cosine_mrr@5': '0.9839', 'eval_ir_evaluator_cosine_mrr@10': '0.9839', 'eval_ir_evaluator_cosine_map@1': '0.9714', 'eval_ir_evaluator_cosine_map@5': '0.9839', 'eval_ir_evaluator_cosine_map@10': '0.9839', 'eval_triplet_evaluator_cosine_accuracy': '0.97', 'eval_mnr_loss/avg': '0.07561', 'eval_mnr_loss/sum': '0.6805', 'eval_sequential_score': '0.07561', 'eval_runtime': '1.194', 'eval_samples_per_second': '0', 'eval_steps_per_second': '0', 'epoch': '0.1221'}
{'loss': '0.1776', 'grad_norm': '1.21', 'learning_rate': '1.68e-05', 'epoch': '0.2442'}
{'eval_ir_evaluator_cosine_accuracy@1': '0.9786', 'eval_ir_evaluator_cosine_accuracy@5': '1', 'eval_ir_evaluator_cosine_accuracy@10': '1', 'eval_ir_evaluator_cosine_precision@1': '0.9786', 'eval_ir_evaluator_cosine_precision@5': '0.2', 'eval_ir_evaluator_cosine_precision@10': '0.1', 'eval_ir_evaluator_cosine_recall@1': '0.9786', 'eval_ir_evaluator_cosine_recall@5': '1', 'eval_ir_evaluator_cosine_recall@10': '1', 'eval_ir_evaluator_cosine_ndcg@1': '0.9786', 'eval_ir_evaluator_cosine_ndcg@5': '0.9897', 'eval_ir_evaluator_cosine_ndcg@10': '0.9897', 'eval_ir_evaluator_cosine_mrr@1': '0.9786', 'eval_ir_evaluator_cosine_mrr@5': '0.9863', 'eval_ir_evaluator_cosine_mrr@10': '0.9863', 'eval_ir_evaluator_cosine_map@1': '0.9786', 'eval_ir_evaluator_cosine_map@5': '0.9863', 'eval_ir_evaluator_cosine_map@10': '0.9863', 'eval_triplet_evaluator_cosine_accuracy': '0.94', 'eval_mnr_loss/avg': '0.06443', 'eval_mnr_loss/sum': '0.5798', 'eval_sequential_score': '0.06443', 'eval_runtime': '0.9658', 'eval_samples_per_second': '0', 'eval_steps_per_second': '0', 'epoch': '0.2442'}
{'loss': '0.1542', 'grad_norm': '1.376', 'learning_rate': '1.408e-05', 'epoch': '0.3663'}
{'eval_ir_evaluator_cosine_accuracy@1': '0.9857', 'eval_ir_evaluator_cosine_accuracy@5': '1', 'eval_ir_evaluator_cosine_accuracy@10': '1', 'eval_ir_evaluator_cosine_precision@1': '0.9857', 'eval_ir_evaluator_cosine_precision@5': '0.2', 'eval_ir_evaluator_cosine_precision@10': '0.1', 'eval_ir_evaluator_cosine_recall@1': '0.9857', 'eval_ir_evaluator_cosine_recall@5': '1', 'eval_ir_evaluator_cosine_recall@10': '1', 'eval_ir_evaluator_cosine_ndcg@1': '0.9857', 'eval_ir_evaluator_cosine_ndcg@5': '0.9938', 'eval_ir_evaluator_cosine_ndcg@10': '0.9938', 'eval_ir_evaluator_cosine_mrr@1': '0.9857', 'eval_ir_evaluator_cosine_mrr@5': '0.9917', 'eval_ir_evaluator_cosine_mrr@10': '0.9917', 'eval_ir_evaluator_cosine_map@1': '0.9857', 'eval_ir_evaluator_cosine_map@5': '0.9917', 'eval_ir_evaluator_cosine_map@10': '0.9917', 'eval_triplet_evaluator_cosine_accuracy': '0.97', 'eval_mnr_loss/avg': '0.06056', 'eval_mnr_loss/sum': '0.545', 'eval_sequential_score': '0.06056', 'eval_runtime': '1.219', 'eval_samples_per_second': '0', 'eval_steps_per_second': '0', 'epoch': '0.3663'}
{'loss': '0.1373', 'grad_norm': '1.312', 'learning_rate': '1.137e-05', 'epoch': '0.4885'}
{'eval_ir_evaluator_cosine_accuracy@1': '0.9643', 'eval_ir_evaluator_cosine_accuracy@5': '1', 'eval_ir_evaluator_cosine_accuracy@10': '1', 'eval_ir_evaluator_cosine_precision@1': '0.9643', 'eval_ir_evaluator_cosine_precision@5': '0.2', 'eval_ir_evaluator_cosine_precision@10': '0.1', 'eval_ir_evaluator_cosine_recall@1': '0.9643', 'eval_ir_evaluator_cosine_recall@5': '1', 'eval_ir_evaluator_cosine_recall@10': '1', 'eval_ir_evaluator_cosine_ndcg@1': '0.9643', 'eval_ir_evaluator_cosine_ndcg@5': '0.9849', 'eval_ir_evaluator_cosine_ndcg@10': '0.9849', 'eval_ir_evaluator_cosine_mrr@1': '0.9643', 'eval_ir_evaluator_cosine_mrr@5': '0.9798', 'eval_ir_evaluator_cosine_mrr@10': '0.9798', 'eval_ir_evaluator_cosine_map@1': '0.9643', 'eval_ir_evaluator_cosine_map@5': '0.9798', 'eval_ir_evaluator_cosine_map@10': '0.9798', 'eval_triplet_evaluator_cosine_accuracy': '0.96', 'eval_mnr_loss/avg': '0.06683', 'eval_mnr_loss/sum': '0.6015', 'eval_sequential_score': '0.06683', 'eval_runtime': '1.344', 'eval_samples_per_second': '0', 'eval_steps_per_second': '0', 'epoch': '0.4885'}
{'loss': '0.1262', 'grad_norm': '1.178', 'learning_rate': '8.657e-06', 'epoch': '0.6106'}
{'eval_ir_evaluator_cosine_accuracy@1': '0.9714', 'eval_ir_evaluator_cosine_accuracy@5': '1', 'eval_ir_evaluator_cosine_accuracy@10': '1', 'eval_ir_evaluator_cosine_precision@1': '0.9714', 'eval_ir_evaluator_cosine_precision@5': '0.2', 'eval_ir_evaluator_cosine_precision@10': '0.1', 'eval_ir_evaluator_cosine_recall@1': '0.9714', 'eval_ir_evaluator_cosine_recall@5': '1', 'eval_ir_evaluator_cosine_recall@10': '1', 'eval_ir_evaluator_cosine_ndcg@1': '0.9714', 'eval_ir_evaluator_cosine_ndcg@5': '0.9885', 'eval_ir_evaluator_cosine_ndcg@10': '0.9885', 'eval_ir_evaluator_cosine_mrr@1': '0.9714', 'eval_ir_evaluator_cosine_mrr@5': '0.9845', 'eval_ir_evaluator_cosine_mrr@10': '0.9845', 'eval_ir_evaluator_cosine_map@1': '0.9714', 'eval_ir_evaluator_cosine_map@5': '0.9845', 'eval_ir_evaluator_cosine_map@10': '0.9845', 'eval_triplet_evaluator_cosine_accuracy': '0.96', 'eval_mnr_loss/avg': '0.06055', 'eval_mnr_loss/sum': '0.545', 'eval_sequential_score': '0.06055', 'eval_runtime': '1.185', 'eval_samples_per_second': '0', 'eval_steps_per_second': '0', 'epoch': '0.6106'}
{'loss': '0.1143', 'grad_norm': '0.966', 'learning_rate': '5.943e-06', 'epoch': '0.7327'}
{'eval_ir_evaluator_cosine_accuracy@1': '0.9786', 'eval_ir_evaluator_cosine_accuracy@5': '1', 'eval_ir_evaluator_cosine_accuracy@10': '1', 'eval_ir_evaluator_cosine_precision@1': '0.9786', 'eval_ir_evaluator_cosine_precision@5': '0.2', 'eval_ir_evaluator_cosine_precision@10': '0.1', 'eval_ir_evaluator_cosine_recall@1': '0.9786', 'eval_ir_evaluator_cosine_recall@5': '1', 'eval_ir_evaluator_cosine_recall@10': '1', 'eval_ir_evaluator_cosine_ndcg@1': '0.9786', 'eval_ir_evaluator_cosine_ndcg@5': '0.9921', 'eval_ir_evaluator_cosine_ndcg@10': '0.9921', 'eval_ir_evaluator_cosine_mrr@1': '0.9786', 'eval_ir_evaluator_cosine_mrr@5': '0.9893', 'eval_ir_evaluator_cosine_mrr@10': '0.9893', 'eval_ir_evaluator_cosine_map@1': '0.9786', 'eval_ir_evaluator_cosine_map@5': '0.9893', 'eval_ir_evaluator_cosine_map@10': '0.9893', 'eval_triplet_evaluator_cosine_accuracy': '0.96', 'eval_mnr_loss/avg': '0.04401', 'eval_mnr_loss/sum': '0.3961', 'eval_sequential_score': '0.04401', 'eval_runtime': '1.234', 'eval_samples_per_second': '0', 'eval_steps_per_second': '0', 'epoch': '0.7327'}
{'loss': '0.1117', 'grad_norm': '0.9995', 'learning_rate': '3.229e-06', 'epoch': '0.8548'}
{'eval_ir_evaluator_cosine_accuracy@1': '0.9786', 'eval_ir_evaluator_cosine_accuracy@5': '1', 'eval_ir_evaluator_cosine_accuracy@10': '1', 'eval_ir_evaluator_cosine_precision@1': '0.9786', 'eval_ir_evaluator_cosine_precision@5': '0.2', 'eval_ir_evaluator_cosine_precision@10': '0.1', 'eval_ir_evaluator_cosine_recall@1': '0.9786', 'eval_ir_evaluator_cosine_recall@5': '1', 'eval_ir_evaluator_cosine_recall@10': '1', 'eval_ir_evaluator_cosine_ndcg@1': '0.9786', 'eval_ir_evaluator_cosine_ndcg@5': '0.9912', 'eval_ir_evaluator_cosine_ndcg@10': '0.9912', 'eval_ir_evaluator_cosine_mrr@1': '0.9786', 'eval_ir_evaluator_cosine_mrr@5': '0.9881', 'eval_ir_evaluator_cosine_mrr@10': '0.9881', 'eval_ir_evaluator_cosine_map@1': '0.9786', 'eval_ir_evaluator_cosine_map@5': '0.9881', 'eval_ir_evaluator_cosine_map@10': '0.9881', 'eval_triplet_evaluator_cosine_accuracy': '0.96', 'eval_mnr_loss/avg': '0.04846', 'eval_mnr_loss/sum': '0.4362', 'eval_sequential_score': '0.04846', 'eval_runtime': '1.236', 'eval_samples_per_second': '0', 'eval_steps_per_second': '0', 'epoch': '0.8548'}
{'loss': '0.1067', 'grad_norm': '1.214', 'learning_rate': '5.156e-07', 'epoch': '0.9769'}
{'eval_ir_evaluator_cosine_accuracy@1': '0.9786', 'eval_ir_evaluator_cosine_accuracy@5': '1', 'eval_ir_evaluator_cosine_accuracy@10': '1', 'eval_ir_evaluator_cosine_precision@1': '0.9786', 'eval_ir_evaluator_cosine_precision@5': '0.2', 'eval_ir_evaluator_cosine_precision@10': '0.1', 'eval_ir_evaluator_cosine_recall@1': '0.9786', 'eval_ir_evaluator_cosine_recall@5': '1', 'eval_ir_evaluator_cosine_recall@10': '1', 'eval_ir_evaluator_cosine_ndcg@1': '0.9786', 'eval_ir_evaluator_cosine_ndcg@5': '0.9907', 'eval_ir_evaluator_cosine_ndcg@10': '0.9907', 'eval_ir_evaluator_cosine_mrr@1': '0.9786', 'eval_ir_evaluator_cosine_mrr@5': '0.9875', 'eval_ir_evaluator_cosine_mrr@10': '0.9875', 'eval_ir_evaluator_cosine_map@1': '0.9786', 'eval_ir_evaluator_cosine_map@5': '0.9875', 'eval_ir_evaluator_cosine_map@10': '0.9875', 'eval_triplet_evaluator_cosine_accuracy': '0.97', 'eval_mnr_loss/avg': '0.0512', 'eval_mnr_loss/sum': '0.4608', 'eval_sequential_score': '0.0512', 'eval_runtime': '1.161', 'eval_samples_per_second': '0', 'eval_steps_per_second': '0', 'epoch': '0.9769'}
{'eval_ir_evaluator_cosine_accuracy@1': '0.9786', 'eval_ir_evaluator_cosine_accuracy@5': '1', 'eval_ir_evaluator_cosine_accuracy@10': '1', 'eval_ir_evaluator_cosine_precision@1': '0.9786', 'eval_ir_evaluator_cosine_precision@5': '0.2', 'eval_ir_evaluator_cosine_precision@10': '0.1', 'eval_ir_evaluator_cosine_recall@1': '0.9786', 'eval_ir_evaluator_cosine_recall@5': '1', 'eval_ir_evaluator_cosine_recall@10': '1', 'eval_ir_evaluator_cosine_ndcg@1': '0.9786', 'eval_ir_evaluator_cosine_ndcg@5': '0.9907', 'eval_ir_evaluator_cosine_ndcg@10': '0.9907', 'eval_ir_evaluator_cosine_mrr@1': '0.9786', 'eval_ir_evaluator_cosine_mrr@5': '0.9875', 'eval_ir_evaluator_cosine_mrr@10': '0.9875', 'eval_ir_evaluator_cosine_map@1': '0.9786', 'eval_ir_evaluator_cosine_map@5': '0.9875', 'eval_ir_evaluator_cosine_map@10': '0.9875', 'eval_triplet_evaluator_cosine_accuracy': '0.97', 'eval_mnr_loss/avg': '0.0485', 'eval_mnr_loss/sum': '0.4365', 'eval_sequential_score': '0.0485', 'eval_runtime': '1.135', 'eval_samples_per_second': '0', 'eval_steps_per_second': '0', 'epoch': '1'}
{'train_runtime': '4.572e+04', 'train_samples_per_second': '1220', 'train_steps_per_second': '0.179', 'train_loss': '0.1576', 'epoch': '1'}
RANK:0;Finished training...
RANK: 0; Elapsed time: 45892.86 seconds
--- e5 gamma=0.05 (mpnet) done ---
--- e5 gamma=0.2 (microsoft/mpnet-base) ---
RANK: 0; LOCAL_RANK: 0.
RANK:0;▶ Processing: msmacro_triplet
RANK:0;▶ Processing: s2orc_title_abstract
RANK:0;▶ Processing: quora_dup_triplet
RANK:0;▶ Processing: nli_for_simcse_triplet
RANK:0;▶ Processing: natural_questions
RANK:0;▶ Processing: trivia_qa_triplet
RANK:0;▶ Processing: hotpotqa
RANK:0;Total rows: 58726452
Cache directory is set to: ../data/cache_v1/NROWS_None_evaluator/validation/max_per_split_20
Transforming dataset source for Evaluation: msmacro_triplet
Loading processed data for 'msmacro_triplet' from cache.
Transforming dataset source for Evaluation: s2orc_title_abstract
Loading processed data for 's2orc_title_abstract' from cache.
Transforming dataset source for Evaluation: quora_dup_triplet
Loading processed data for 'quora_dup_triplet' from cache.
Transforming dataset source for Evaluation: nli_for_simcse_triplet
Loading processed data for 'nli_for_simcse_triplet' from cache.
Transforming dataset source for Evaluation: natural_questions
Loading processed data for 'natural_questions' from cache.
Transforming dataset source for Evaluation: trivia_qa_triplet
Loading processed data for 'trivia_qa_triplet' from cache.
Transforming dataset source for Evaluation: hotpotqa
Loading processed data for 'hotpotqa' from cache.
Prepared SequentialEvaluator with: ['ir_evaluator', 'triplet_evaluator', 'mnr_loss']
RANK:0;Starting training...
{'loss': '0.3421', 'grad_norm': '1.827', 'learning_rate': '1.951e-05', 'epoch': '0.1221'}
{'eval_ir_evaluator_cosine_accuracy@1': '0.9786', 'eval_ir_evaluator_cosine_accuracy@5': '1', 'eval_ir_evaluator_cosine_accuracy@10': '1', 'eval_ir_evaluator_cosine_precision@1': '0.9786', 'eval_ir_evaluator_cosine_precision@5': '0.2', 'eval_ir_evaluator_cosine_precision@10': '0.1', 'eval_ir_evaluator_cosine_recall@1': '0.9786', 'eval_ir_evaluator_cosine_recall@5': '1', 'eval_ir_evaluator_cosine_recall@10': '1', 'eval_ir_evaluator_cosine_ndcg@1': '0.9786', 'eval_ir_evaluator_cosine_ndcg@5': '0.9903', 'eval_ir_evaluator_cosine_ndcg@10': '0.9903', 'eval_ir_evaluator_cosine_mrr@1': '0.9786', 'eval_ir_evaluator_cosine_mrr@5': '0.9871', 'eval_ir_evaluator_cosine_mrr@10': '0.9871', 'eval_ir_evaluator_cosine_map@1': '0.9786', 'eval_ir_evaluator_cosine_map@5': '0.9871', 'eval_ir_evaluator_cosine_map@10': '0.9871', 'eval_triplet_evaluator_cosine_accuracy': '0.97', 'eval_mnr_loss/avg': '0.07363', 'eval_mnr_loss/sum': '0.6627', 'eval_sequential_score': '0.07363', 'eval_runtime': '1.22', 'eval_samples_per_second': '0', 'eval_steps_per_second': '0', 'epoch': '0.1221'}
{'loss': '0.1865', 'grad_norm': '1.534', 'learning_rate': '1.68e-05', 'epoch': '0.2442'}
{'eval_ir_evaluator_cosine_accuracy@1': '0.9857', 'eval_ir_evaluator_cosine_accuracy@5': '1', 'eval_ir_evaluator_cosine_accuracy@10': '1', 'eval_ir_evaluator_cosine_precision@1': '0.9857', 'eval_ir_evaluator_cosine_precision@5': '0.2', 'eval_ir_evaluator_cosine_precision@10': '0.1', 'eval_ir_evaluator_cosine_recall@1': '0.9857', 'eval_ir_evaluator_cosine_recall@5': '1', 'eval_ir_evaluator_cosine_recall@10': '1', 'eval_ir_evaluator_cosine_ndcg@1': '0.9857', 'eval_ir_evaluator_cosine_ndcg@5': '0.9916', 'eval_ir_evaluator_cosine_ndcg@10': '0.9916', 'eval_ir_evaluator_cosine_mrr@1': '0.9857', 'eval_ir_evaluator_cosine_mrr@5': '0.9889', 'eval_ir_evaluator_cosine_mrr@10': '0.9889', 'eval_ir_evaluator_cosine_map@1': '0.9857', 'eval_ir_evaluator_cosine_map@5': '0.9889', 'eval_ir_evaluator_cosine_map@10': '0.9889', 'eval_triplet_evaluator_cosine_accuracy': '0.95', 'eval_mnr_loss/avg': '0.05531', 'eval_mnr_loss/sum': '0.4978', 'eval_sequential_score': '0.05531', 'eval_runtime': '1.081', 'eval_samples_per_second': '0', 'eval_steps_per_second': '0', 'epoch': '0.2442'}
{'loss': '0.1593', 'grad_norm': '1.409', 'learning_rate': '1.408e-05', 'epoch': '0.3663'}
{'eval_ir_evaluator_cosine_accuracy@1': '0.9929', 'eval_ir_evaluator_cosine_accuracy@5': '1', 'eval_ir_evaluator_cosine_accuracy@10': '1', 'eval_ir_evaluator_cosine_precision@1': '0.9929', 'eval_ir_evaluator_cosine_precision@5': '0.2', 'eval_ir_evaluator_cosine_precision@10': '0.1', 'eval_ir_evaluator_cosine_recall@1': '0.9929', 'eval_ir_evaluator_cosine_recall@5': '1', 'eval_ir_evaluator_cosine_recall@10': '1', 'eval_ir_evaluator_cosine_ndcg@1': '0.9929', 'eval_ir_evaluator_cosine_ndcg@5': '0.9959', 'eval_ir_evaluator_cosine_ndcg@10': '0.9959', 'eval_ir_evaluator_cosine_mrr@1': '0.9929', 'eval_ir_evaluator_cosine_mrr@5': '0.9946', 'eval_ir_evaluator_cosine_mrr@10': '0.9946', 'eval_ir_evaluator_cosine_map@1': '0.9929', 'eval_ir_evaluator_cosine_map@5': '0.9946', 'eval_ir_evaluator_cosine_map@10': '0.9946', 'eval_triplet_evaluator_cosine_accuracy': '0.98', 'eval_mnr_loss/avg': '0.05426', 'eval_mnr_loss/sum': '0.4883', 'eval_sequential_score': '0.05426', 'eval_runtime': '1.204', 'eval_samples_per_second': '0', 'eval_steps_per_second': '0', 'epoch': '0.3663'}
{'loss': '0.1421', 'grad_norm': '1.16', 'learning_rate': '1.137e-05', 'epoch': '0.4885'}
{'eval_ir_evaluator_cosine_accuracy@1': '0.9786', 'eval_ir_evaluator_cosine_accuracy@5': '1', 'eval_ir_evaluator_cosine_accuracy@10': '1', 'eval_ir_evaluator_cosine_precision@1': '0.9786', 'eval_ir_evaluator_cosine_precision@5': '0.2', 'eval_ir_evaluator_cosine_precision@10': '0.1', 'eval_ir_evaluator_cosine_recall@1': '0.9786', 'eval_ir_evaluator_cosine_recall@5': '1', 'eval_ir_evaluator_cosine_recall@10': '1', 'eval_ir_evaluator_cosine_ndcg@1': '0.9786', 'eval_ir_evaluator_cosine_ndcg@5': '0.9912', 'eval_ir_evaluator_cosine_ndcg@10': '0.9912', 'eval_ir_evaluator_cosine_mrr@1': '0.9786', 'eval_ir_evaluator_cosine_mrr@5': '0.9881', 'eval_ir_evaluator_cosine_mrr@10': '0.9881', 'eval_ir_evaluator_cosine_map@1': '0.9786', 'eval_ir_evaluator_cosine_map@5': '0.9881', 'eval_ir_evaluator_cosine_map@10': '0.9881', 'eval_triplet_evaluator_cosine_accuracy': '0.97', 'eval_mnr_loss/avg': '0.04991', 'eval_mnr_loss/sum': '0.4492', 'eval_sequential_score': '0.04991', 'eval_runtime': '1.358', 'eval_samples_per_second': '0', 'eval_steps_per_second': '0', 'epoch': '0.4885'}
{'loss': '0.1316', 'grad_norm': '1.372', 'learning_rate': '8.657e-06', 'epoch': '0.6106'}
{'eval_ir_evaluator_cosine_accuracy@1': '0.9857', 'eval_ir_evaluator_cosine_accuracy@5': '1', 'eval_ir_evaluator_cosine_accuracy@10': '1', 'eval_ir_evaluator_cosine_precision@1': '0.9857', 'eval_ir_evaluator_cosine_precision@5': '0.2', 'eval_ir_evaluator_cosine_precision@10': '0.1', 'eval_ir_evaluator_cosine_recall@1': '0.9857', 'eval_ir_evaluator_cosine_recall@5': '1', 'eval_ir_evaluator_cosine_recall@10': '1', 'eval_ir_evaluator_cosine_ndcg@1': '0.9857', 'eval_ir_evaluator_cosine_ndcg@5': '0.9938', 'eval_ir_evaluator_cosine_ndcg@10': '0.9938', 'eval_ir_evaluator_cosine_mrr@1': '0.9857', 'eval_ir_evaluator_cosine_mrr@5': '0.9917', 'eval_ir_evaluator_cosine_mrr@10': '0.9917', 'eval_ir_evaluator_cosine_map@1': '0.9857', 'eval_ir_evaluator_cosine_map@5': '0.9917', 'eval_ir_evaluator_cosine_map@10': '0.9917', 'eval_triplet_evaluator_cosine_accuracy': '0.97', 'eval_mnr_loss/avg': '0.0481', 'eval_mnr_loss/sum': '0.4329', 'eval_sequential_score': '0.0481', 'eval_runtime': '1.23', 'eval_samples_per_second': '0', 'eval_steps_per_second': '0', 'epoch': '0.6106'}
{'loss': '0.1213', 'grad_norm': '1.175', 'learning_rate': '5.943e-06', 'epoch': '0.7327'}
{'eval_ir_evaluator_cosine_accuracy@1': '0.9857', 'eval_ir_evaluator_cosine_accuracy@5': '1', 'eval_ir_evaluator_cosine_accuracy@10': '1', 'eval_ir_evaluator_cosine_precision@1': '0.9857', 'eval_ir_evaluator_cosine_precision@5': '0.2', 'eval_ir_evaluator_cosine_precision@10': '0.1', 'eval_ir_evaluator_cosine_recall@1': '0.9857', 'eval_ir_evaluator_cosine_recall@5': '1', 'eval_ir_evaluator_cosine_recall@10': '1', 'eval_ir_evaluator_cosine_ndcg@1': '0.9857', 'eval_ir_evaluator_cosine_ndcg@5': '0.9938', 'eval_ir_evaluator_cosine_ndcg@10': '0.9938', 'eval_ir_evaluator_cosine_mrr@1': '0.9857', 'eval_ir_evaluator_cosine_mrr@5': '0.9917', 'eval_ir_evaluator_cosine_mrr@10': '0.9917', 'eval_ir_evaluator_cosine_map@1': '0.9857', 'eval_ir_evaluator_cosine_map@5': '0.9917', 'eval_ir_evaluator_cosine_map@10': '0.9917', 'eval_triplet_evaluator_cosine_accuracy': '0.98', 'eval_mnr_loss/avg': '0.0463', 'eval_mnr_loss/sum': '0.4167', 'eval_sequential_score': '0.0463', 'eval_runtime': '1.139', 'eval_samples_per_second': '0', 'eval_steps_per_second': '0', 'epoch': '0.7327'}
{'loss': '0.1168', 'grad_norm': '1.227', 'learning_rate': '3.229e-06', 'epoch': '0.8548'}
{'eval_ir_evaluator_cosine_accuracy@1': '0.9857', 'eval_ir_evaluator_cosine_accuracy@5': '1', 'eval_ir_evaluator_cosine_accuracy@10': '1', 'eval_ir_evaluator_cosine_precision@1': '0.9857', 'eval_ir_evaluator_cosine_precision@5': '0.2', 'eval_ir_evaluator_cosine_precision@10': '0.1', 'eval_ir_evaluator_cosine_recall@1': '0.9857', 'eval_ir_evaluator_cosine_recall@5': '1', 'eval_ir_evaluator_cosine_recall@10': '1', 'eval_ir_evaluator_cosine_ndcg@1': '0.9857', 'eval_ir_evaluator_cosine_ndcg@5': '0.9938', 'eval_ir_evaluator_cosine_ndcg@10': '0.9938', 'eval_ir_evaluator_cosine_mrr@1': '0.9857', 'eval_ir_evaluator_cosine_mrr@5': '0.9917', 'eval_ir_evaluator_cosine_mrr@10': '0.9917', 'eval_ir_evaluator_cosine_map@1': '0.9857', 'eval_ir_evaluator_cosine_map@5': '0.9917', 'eval_ir_evaluator_cosine_map@10': '0.9917', 'eval_triplet_evaluator_cosine_accuracy': '0.97', 'eval_mnr_loss/avg': '0.04285', 'eval_mnr_loss/sum': '0.3856', 'eval_sequential_score': '0.04285', 'eval_runtime': '1.144', 'eval_samples_per_second': '0', 'eval_steps_per_second': '0', 'epoch': '0.8548'}
{'loss': '0.1119', 'grad_norm': '1.239', 'learning_rate': '5.156e-07', 'epoch': '0.9769'}
{'eval_ir_evaluator_cosine_accuracy@1': '0.9857', 'eval_ir_evaluator_cosine_accuracy@5': '1', 'eval_ir_evaluator_cosine_accuracy@10': '1', 'eval_ir_evaluator_cosine_precision@1': '0.9857', 'eval_ir_evaluator_cosine_precision@5': '0.2', 'eval_ir_evaluator_cosine_precision@10': '0.1', 'eval_ir_evaluator_cosine_recall@1': '0.9857', 'eval_ir_evaluator_cosine_recall@5': '1', 'eval_ir_evaluator_cosine_recall@10': '1', 'eval_ir_evaluator_cosine_ndcg@1': '0.9857', 'eval_ir_evaluator_cosine_ndcg@5': '0.9938', 'eval_ir_evaluator_cosine_ndcg@10': '0.9938', 'eval_ir_evaluator_cosine_mrr@1': '0.9857', 'eval_ir_evaluator_cosine_mrr@5': '0.9917', 'eval_ir_evaluator_cosine_mrr@10': '0.9917', 'eval_ir_evaluator_cosine_map@1': '0.9857', 'eval_ir_evaluator_cosine_map@5': '0.9917', 'eval_ir_evaluator_cosine_map@10': '0.9917', 'eval_triplet_evaluator_cosine_accuracy': '0.97', 'eval_mnr_loss/avg': '0.04636', 'eval_mnr_loss/sum': '0.4172', 'eval_sequential_score': '0.04636', 'eval_runtime': '1.331', 'eval_samples_per_second': '0', 'eval_steps_per_second': '0', 'epoch': '0.9769'}
{'eval_ir_evaluator_cosine_accuracy@1': '0.9857', 'eval_ir_evaluator_cosine_accuracy@5': '1', 'eval_ir_evaluator_cosine_accuracy@10': '1', 'eval_ir_evaluator_cosine_precision@1': '0.9857', 'eval_ir_evaluator_cosine_precision@5': '0.2', 'eval_ir_evaluator_cosine_precision@10': '0.1', 'eval_ir_evaluator_cosine_recall@1': '0.9857', 'eval_ir_evaluator_cosine_recall@5': '1', 'eval_ir_evaluator_cosine_recall@10': '1', 'eval_ir_evaluator_cosine_ndcg@1': '0.9857', 'eval_ir_evaluator_cosine_ndcg@5': '0.9938', 'eval_ir_evaluator_cosine_ndcg@10': '0.9938', 'eval_ir_evaluator_cosine_mrr@1': '0.9857', 'eval_ir_evaluator_cosine_mrr@5': '0.9917', 'eval_ir_evaluator_cosine_mrr@10': '0.9917', 'eval_ir_evaluator_cosine_map@1': '0.9857', 'eval_ir_evaluator_cosine_map@5': '0.9917', 'eval_ir_evaluator_cosine_map@10': '0.9917', 'eval_triplet_evaluator_cosine_accuracy': '0.97', 'eval_mnr_loss/avg': '0.04693', 'eval_mnr_loss/sum': '0.4223', 'eval_sequential_score': '0.04693', 'eval_runtime': '1.109', 'eval_samples_per_second': '0', 'eval_steps_per_second': '0', 'epoch': '1'}
{'train_runtime': '4.729e+04', 'train_samples_per_second': '1180', 'train_steps_per_second': '0.173', 'train_loss': '0.1628', 'epoch': '1'}
RANK:0;Finished training...
RANK: 0; Elapsed time: 47336.99 seconds
--- e5 gamma=0.2 (mpnet) done ---
===== TRAINING DONE =====
