===== SLURM ENVIRONMENT =====
Job ID:    3868070
Node List: matrix101
CPUs:      8
MASTER_ADDR:PORT = matrix101:34090
GPUS_PER_NODE = 2

===== ACTIVATING CONDA ENV =====
Python: /rhome/sawale/miniconda3/envs/thesis/bin/python
Python 3.12.11

===== TORCH GPU TEST =====
CUDA available: True
Number of GPUs: 2
  GPU 0: NVIDIA A100 80GB PCIe
  GPU 1: NVIDIA A100 80GB PCIe

===== STARTING TRAINING =====
--- e7 (BAAI/bge-base-en-v1.5) ---
RANK: 0; LOCAL_RANK: 0.
RANK: 1; LOCAL_RANK: 1.
RANK:0;▶ Processing: msmacro_triplet
RANK:1;▶ Processing: msmacro_triplet
RANK:0;▶ Processing: s2orc_title_abstract
RANK:1;▶ Processing: s2orc_title_abstract
RANK:1;▶ Processing: quora_dup_triplet
RANK:0;▶ Processing: quora_dup_triplet
RANK:1;▶ Processing: nli_for_simcse_triplet
RANK:0;▶ Processing: nli_for_simcse_triplet
RANK:1;▶ Processing: natural_questions
RANK:0;▶ Processing: natural_questions
RANK:0;▶ Processing: trivia_qa_triplet
RANK:1;▶ Processing: trivia_qa_triplet
RANK:1;▶ Processing: hotpotqa
RANK:0;▶ Processing: hotpotqa
RANK:1;Total rows: 58726452
RANK:0;Total rows: 58726452
Cache directory is set to: ../data/cache_v1/NROWS_None_evaluator/validation/max_per_split_20
Transforming dataset source for Evaluation: msmacro_triplet
Loading processed data for 'msmacro_triplet' from cache.
Transforming dataset source for Evaluation: s2orc_title_abstract
Loading processed data for 's2orc_title_abstract' from cache.
Transforming dataset source for Evaluation: quora_dup_triplet
Loading processed data for 'quora_dup_triplet' from cache.
Transforming dataset source for Evaluation: nli_for_simcse_triplet
Loading processed data for 'nli_for_simcse_triplet' from cache.
Transforming dataset source for Evaluation: natural_questions
Loading processed data for 'natural_questions' from cache.
Transforming dataset source for Evaluation: trivia_qa_triplet
Loading processed data for 'trivia_qa_triplet' from cache.
Transforming dataset source for Evaluation: hotpotqa
Loading processed data for 'hotpotqa' from cache.
Prepared SequentialEvaluator with: ['ir_evaluator', 'triplet_evaluator', 'mnr_loss']
RANK:1;Starting training...
RANK:0;Starting training...
{'loss': '1.528', 'grad_norm': '13.9', 'learning_rate': '1.951e-05', 'epoch': '0.1221'}
{'eval_ir_evaluator_cosine_accuracy@1': '0.9929', 'eval_ir_evaluator_cosine_accuracy@5': '1', 'eval_ir_evaluator_cosine_accuracy@10': '1', 'eval_ir_evaluator_cosine_precision@1': '0.9929', 'eval_ir_evaluator_cosine_precision@5': '0.2', 'eval_ir_evaluator_cosine_precision@10': '0.1', 'eval_ir_evaluator_cosine_recall@1': '0.9929', 'eval_ir_evaluator_cosine_recall@5': '1', 'eval_ir_evaluator_cosine_recall@10': '1', 'eval_ir_evaluator_cosine_ndcg@1': '0.9929', 'eval_ir_evaluator_cosine_ndcg@5': '0.9974', 'eval_ir_evaluator_cosine_ndcg@10': '0.9974', 'eval_ir_evaluator_cosine_mrr@1': '0.9929', 'eval_ir_evaluator_cosine_mrr@5': '0.9964', 'eval_ir_evaluator_cosine_mrr@10': '0.9964', 'eval_ir_evaluator_cosine_map@1': '0.9929', 'eval_ir_evaluator_cosine_map@5': '0.9964', 'eval_ir_evaluator_cosine_map@10': '0.9964', 'eval_triplet_evaluator_cosine_accuracy': '0.95', 'eval_mnr_loss/avg': '0.03109', 'eval_mnr_loss/sum': '0.2798', 'eval_sequential_score': '0.03109', 'eval_runtime': '1.539', 'eval_samples_per_second': '0', 'eval_steps_per_second': '0', 'epoch': '0.1221'}
{'loss': '1.181', 'grad_norm': '11.37', 'learning_rate': '1.68e-05', 'epoch': '0.2442'}
{'eval_ir_evaluator_cosine_accuracy@1': '1', 'eval_ir_evaluator_cosine_accuracy@5': '1', 'eval_ir_evaluator_cosine_accuracy@10': '1', 'eval_ir_evaluator_cosine_precision@1': '1', 'eval_ir_evaluator_cosine_precision@5': '0.2', 'eval_ir_evaluator_cosine_precision@10': '0.1', 'eval_ir_evaluator_cosine_recall@1': '1', 'eval_ir_evaluator_cosine_recall@5': '1', 'eval_ir_evaluator_cosine_recall@10': '1', 'eval_ir_evaluator_cosine_ndcg@1': '1', 'eval_ir_evaluator_cosine_ndcg@5': '1', 'eval_ir_evaluator_cosine_ndcg@10': '1', 'eval_ir_evaluator_cosine_mrr@1': '1', 'eval_ir_evaluator_cosine_mrr@5': '1', 'eval_ir_evaluator_cosine_mrr@10': '1', 'eval_ir_evaluator_cosine_map@1': '1', 'eval_ir_evaluator_cosine_map@5': '1', 'eval_ir_evaluator_cosine_map@10': '1', 'eval_triplet_evaluator_cosine_accuracy': '0.96', 'eval_mnr_loss/avg': '0.02114', 'eval_mnr_loss/sum': '0.1903', 'eval_sequential_score': '0.02114', 'eval_runtime': '1.089', 'eval_samples_per_second': '0', 'eval_steps_per_second': '0', 'epoch': '0.2442'}
{'loss': '0.9902', 'grad_norm': '10.43', 'learning_rate': '1.408e-05', 'epoch': '0.3664'}
{'eval_ir_evaluator_cosine_accuracy@1': '1', 'eval_ir_evaluator_cosine_accuracy@5': '1', 'eval_ir_evaluator_cosine_accuracy@10': '1', 'eval_ir_evaluator_cosine_precision@1': '1', 'eval_ir_evaluator_cosine_precision@5': '0.2', 'eval_ir_evaluator_cosine_precision@10': '0.1', 'eval_ir_evaluator_cosine_recall@1': '1', 'eval_ir_evaluator_cosine_recall@5': '1', 'eval_ir_evaluator_cosine_recall@10': '1', 'eval_ir_evaluator_cosine_ndcg@1': '1', 'eval_ir_evaluator_cosine_ndcg@5': '1', 'eval_ir_evaluator_cosine_ndcg@10': '1', 'eval_ir_evaluator_cosine_mrr@1': '1', 'eval_ir_evaluator_cosine_mrr@5': '1', 'eval_ir_evaluator_cosine_mrr@10': '1', 'eval_ir_evaluator_cosine_map@1': '1', 'eval_ir_evaluator_cosine_map@5': '1', 'eval_ir_evaluator_cosine_map@10': '1', 'eval_triplet_evaluator_cosine_accuracy': '0.95', 'eval_mnr_loss/avg': '0.01813', 'eval_mnr_loss/sum': '0.1632', 'eval_sequential_score': '0.01813', 'eval_runtime': '1.323', 'eval_samples_per_second': '0', 'eval_steps_per_second': '0', 'epoch': '0.3664'}
{'loss': '0.8855', 'grad_norm': '8.083', 'learning_rate': '1.137e-05', 'epoch': '0.4885'}
{'eval_ir_evaluator_cosine_accuracy@1': '1', 'eval_ir_evaluator_cosine_accuracy@5': '1', 'eval_ir_evaluator_cosine_accuracy@10': '1', 'eval_ir_evaluator_cosine_precision@1': '1', 'eval_ir_evaluator_cosine_precision@5': '0.2', 'eval_ir_evaluator_cosine_precision@10': '0.1', 'eval_ir_evaluator_cosine_recall@1': '1', 'eval_ir_evaluator_cosine_recall@5': '1', 'eval_ir_evaluator_cosine_recall@10': '1', 'eval_ir_evaluator_cosine_ndcg@1': '1', 'eval_ir_evaluator_cosine_ndcg@5': '1', 'eval_ir_evaluator_cosine_ndcg@10': '1', 'eval_ir_evaluator_cosine_mrr@1': '1', 'eval_ir_evaluator_cosine_mrr@5': '1', 'eval_ir_evaluator_cosine_mrr@10': '1', 'eval_ir_evaluator_cosine_map@1': '1', 'eval_ir_evaluator_cosine_map@5': '1', 'eval_ir_evaluator_cosine_map@10': '1', 'eval_triplet_evaluator_cosine_accuracy': '0.96', 'eval_mnr_loss/avg': '0.0203', 'eval_mnr_loss/sum': '0.1827', 'eval_sequential_score': '0.0203', 'eval_runtime': '1.13', 'eval_samples_per_second': '0', 'eval_steps_per_second': '0', 'epoch': '0.4885'}
{'loss': '0.8218', 'grad_norm': '8.591', 'learning_rate': '8.657e-06', 'epoch': '0.6106'}
{'eval_ir_evaluator_cosine_accuracy@1': '1', 'eval_ir_evaluator_cosine_accuracy@5': '1', 'eval_ir_evaluator_cosine_accuracy@10': '1', 'eval_ir_evaluator_cosine_precision@1': '1', 'eval_ir_evaluator_cosine_precision@5': '0.2', 'eval_ir_evaluator_cosine_precision@10': '0.1', 'eval_ir_evaluator_cosine_recall@1': '1', 'eval_ir_evaluator_cosine_recall@5': '1', 'eval_ir_evaluator_cosine_recall@10': '1', 'eval_ir_evaluator_cosine_ndcg@1': '1', 'eval_ir_evaluator_cosine_ndcg@5': '1', 'eval_ir_evaluator_cosine_ndcg@10': '1', 'eval_ir_evaluator_cosine_mrr@1': '1', 'eval_ir_evaluator_cosine_mrr@5': '1', 'eval_ir_evaluator_cosine_mrr@10': '1', 'eval_ir_evaluator_cosine_map@1': '1', 'eval_ir_evaluator_cosine_map@5': '1', 'eval_ir_evaluator_cosine_map@10': '1', 'eval_triplet_evaluator_cosine_accuracy': '0.94', 'eval_mnr_loss/avg': '0.01647', 'eval_mnr_loss/sum': '0.1482', 'eval_sequential_score': '0.01647', 'eval_runtime': '1.429', 'eval_samples_per_second': '0', 'eval_steps_per_second': '0', 'epoch': '0.6106'}
{'loss': '0.7836', 'grad_norm': '8.496', 'learning_rate': '5.943e-06', 'epoch': '0.7327'}
{'eval_ir_evaluator_cosine_accuracy@1': '1', 'eval_ir_evaluator_cosine_accuracy@5': '1', 'eval_ir_evaluator_cosine_accuracy@10': '1', 'eval_ir_evaluator_cosine_precision@1': '1', 'eval_ir_evaluator_cosine_precision@5': '0.2', 'eval_ir_evaluator_cosine_precision@10': '0.1', 'eval_ir_evaluator_cosine_recall@1': '1', 'eval_ir_evaluator_cosine_recall@5': '1', 'eval_ir_evaluator_cosine_recall@10': '1', 'eval_ir_evaluator_cosine_ndcg@1': '1', 'eval_ir_evaluator_cosine_ndcg@5': '1', 'eval_ir_evaluator_cosine_ndcg@10': '1', 'eval_ir_evaluator_cosine_mrr@1': '1', 'eval_ir_evaluator_cosine_mrr@5': '1', 'eval_ir_evaluator_cosine_mrr@10': '1', 'eval_ir_evaluator_cosine_map@1': '1', 'eval_ir_evaluator_cosine_map@5': '1', 'eval_ir_evaluator_cosine_map@10': '1', 'eval_triplet_evaluator_cosine_accuracy': '0.96', 'eval_mnr_loss/avg': '0.02019', 'eval_mnr_loss/sum': '0.1817', 'eval_sequential_score': '0.02019', 'eval_runtime': '1.022', 'eval_samples_per_second': '0', 'eval_steps_per_second': '0', 'epoch': '0.7327'}
{'loss': '0.7605', 'grad_norm': '8.452', 'learning_rate': '3.229e-06', 'epoch': '0.8548'}
{'eval_ir_evaluator_cosine_accuracy@1': '0.9929', 'eval_ir_evaluator_cosine_accuracy@5': '1', 'eval_ir_evaluator_cosine_accuracy@10': '1', 'eval_ir_evaluator_cosine_precision@1': '0.9929', 'eval_ir_evaluator_cosine_precision@5': '0.2', 'eval_ir_evaluator_cosine_precision@10': '0.1', 'eval_ir_evaluator_cosine_recall@1': '0.9929', 'eval_ir_evaluator_cosine_recall@5': '1', 'eval_ir_evaluator_cosine_recall@10': '1', 'eval_ir_evaluator_cosine_ndcg@1': '0.9929', 'eval_ir_evaluator_cosine_ndcg@5': '0.9974', 'eval_ir_evaluator_cosine_ndcg@10': '0.9974', 'eval_ir_evaluator_cosine_mrr@1': '0.9929', 'eval_ir_evaluator_cosine_mrr@5': '0.9964', 'eval_ir_evaluator_cosine_mrr@10': '0.9964', 'eval_ir_evaluator_cosine_map@1': '0.9929', 'eval_ir_evaluator_cosine_map@5': '0.9964', 'eval_ir_evaluator_cosine_map@10': '0.9964', 'eval_triplet_evaluator_cosine_accuracy': '0.95', 'eval_mnr_loss/avg': '0.02122', 'eval_mnr_loss/sum': '0.191', 'eval_sequential_score': '0.02122', 'eval_runtime': '1.271', 'eval_samples_per_second': '0', 'eval_steps_per_second': '0', 'epoch': '0.8548'}
{'loss': '0.7399', 'grad_norm': '9.274', 'learning_rate': '5.156e-07', 'epoch': '0.9769'}
{'eval_ir_evaluator_cosine_accuracy@1': '0.9929', 'eval_ir_evaluator_cosine_accuracy@5': '1', 'eval_ir_evaluator_cosine_accuracy@10': '1', 'eval_ir_evaluator_cosine_precision@1': '0.9929', 'eval_ir_evaluator_cosine_precision@5': '0.2', 'eval_ir_evaluator_cosine_precision@10': '0.1', 'eval_ir_evaluator_cosine_recall@1': '0.9929', 'eval_ir_evaluator_cosine_recall@5': '1', 'eval_ir_evaluator_cosine_recall@10': '1', 'eval_ir_evaluator_cosine_ndcg@1': '0.9929', 'eval_ir_evaluator_cosine_ndcg@5': '0.9974', 'eval_ir_evaluator_cosine_ndcg@10': '0.9974', 'eval_ir_evaluator_cosine_mrr@1': '0.9929', 'eval_ir_evaluator_cosine_mrr@5': '0.9964', 'eval_ir_evaluator_cosine_mrr@10': '0.9964', 'eval_ir_evaluator_cosine_map@1': '0.9929', 'eval_ir_evaluator_cosine_map@5': '0.9964', 'eval_ir_evaluator_cosine_map@10': '0.9964', 'eval_triplet_evaluator_cosine_accuracy': '0.96', 'eval_mnr_loss/avg': '0.02096', 'eval_mnr_loss/sum': '0.1887', 'eval_sequential_score': '0.02096', 'eval_runtime': '1.174', 'eval_samples_per_second': '0', 'eval_steps_per_second': '0', 'epoch': '0.9769'}
{'eval_ir_evaluator_cosine_accuracy@1': '0.9929', 'eval_ir_evaluator_cosine_accuracy@5': '1', 'eval_ir_evaluator_cosine_accuracy@10': '1', 'eval_ir_evaluator_cosine_precision@1': '0.9929', 'eval_ir_evaluator_cosine_precision@5': '0.2', 'eval_ir_evaluator_cosine_precision@10': '0.1', 'eval_ir_evaluator_cosine_recall@1': '0.9929', 'eval_ir_evaluator_cosine_recall@5': '1', 'eval_ir_evaluator_cosine_recall@10': '1', 'eval_ir_evaluator_cosine_ndcg@1': '0.9929', 'eval_ir_evaluator_cosine_ndcg@5': '0.9974', 'eval_ir_evaluator_cosine_ndcg@10': '0.9974', 'eval_ir_evaluator_cosine_mrr@1': '0.9929', 'eval_ir_evaluator_cosine_mrr@5': '0.9964', 'eval_ir_evaluator_cosine_mrr@10': '0.9964', 'eval_ir_evaluator_cosine_map@1': '0.9929', 'eval_ir_evaluator_cosine_map@5': '0.9964', 'eval_ir_evaluator_cosine_map@10': '0.9964', 'eval_triplet_evaluator_cosine_accuracy': '0.95', 'eval_mnr_loss/avg': '0.02095', 'eval_mnr_loss/sum': '0.1886', 'eval_sequential_score': '0.02095', 'eval_runtime': '1.112', 'eval_samples_per_second': '0', 'eval_steps_per_second': '0', 'epoch': '1'}
RANK:1;Finished training...
{'train_runtime': '2.63e+04', 'train_samples_per_second': '2122', 'train_steps_per_second': '0.311', 'train_loss': '0.9562', 'epoch': '1'}
RANK:0;Finished training...
RANK: 0; Elapsed time: 26554.66 seconds
--- e7 (bge) done ---
--- e7 (FacebookAI/roberta-base) ---
RANK: 0; LOCAL_RANK: 0.
RANK: 1; LOCAL_RANK: 1.
[1;34mwandb[0m: 
[1;34mwandb[0m: 🚀 View run [33mrobust-rain-65[0m at: [34m[0m
[1;34mwandb[0m: Find logs at: [1;35m../../../../nas/rhome/sawale/thesis/experiments/wandb/run-20260512_080756-b4ichgsk/logs[0m
--- e7 (roberta) done ---
--- e7 (microsoft/mpnet-base) ---
RANK: 0; LOCAL_RANK: 0.
RANK: 1; LOCAL_RANK: 1.
RANK:1;▶ Processing: msmacro_triplet
RANK:0;▶ Processing: msmacro_triplet
RANK:0;▶ Processing: s2orc_title_abstract
RANK:1;▶ Processing: s2orc_title_abstract
RANK:1;▶ Processing: quora_dup_triplet
RANK:0;▶ Processing: quora_dup_triplet
RANK:0;▶ Processing: nli_for_simcse_triplet
RANK:1;▶ Processing: nli_for_simcse_triplet
RANK:1;▶ Processing: natural_questions
RANK:0;▶ Processing: natural_questions
RANK:0;▶ Processing: trivia_qa_triplet
RANK:1;▶ Processing: trivia_qa_triplet
RANK:1;▶ Processing: hotpotqa
RANK:0;▶ Processing: hotpotqa
RANK:1;Total rows: 58726452
RANK:0;Total rows: 58726452
Cache directory is set to: ../data/cache_v1/NROWS_None_evaluator/validation/max_per_split_20
Transforming dataset source for Evaluation: msmacro_triplet
Loading processed data for 'msmacro_triplet' from cache.
Transforming dataset source for Evaluation: s2orc_title_abstract
Loading processed data for 's2orc_title_abstract' from cache.
Transforming dataset source for Evaluation: quora_dup_triplet
Loading processed data for 'quora_dup_triplet' from cache.
Transforming dataset source for Evaluation: nli_for_simcse_triplet
Loading processed data for 'nli_for_simcse_triplet' from cache.
Transforming dataset source for Evaluation: natural_questions
Loading processed data for 'natural_questions' from cache.
Transforming dataset source for Evaluation: trivia_qa_triplet
Loading processed data for 'trivia_qa_triplet' from cache.
Transforming dataset source for Evaluation: hotpotqa
Loading processed data for 'hotpotqa' from cache.
Prepared SequentialEvaluator with: ['ir_evaluator', 'triplet_evaluator', 'mnr_loss']
RANK:1;Starting training...
RANK:0;Starting training...
{'loss': '2.386', 'grad_norm': '6.855', 'learning_rate': '1.68e-05', 'epoch': '0.2442'}
{'eval_ir_evaluator_cosine_accuracy@1': '0.9643', 'eval_ir_evaluator_cosine_accuracy@5': '0.9929', 'eval_ir_evaluator_cosine_accuracy@10': '1', 'eval_ir_evaluator_cosine_precision@1': '0.9643', 'eval_ir_evaluator_cosine_precision@5': '0.1986', 'eval_ir_evaluator_cosine_precision@10': '0.1', 'eval_ir_evaluator_cosine_recall@1': '0.9643', 'eval_ir_evaluator_cosine_recall@5': '0.9929', 'eval_ir_evaluator_cosine_recall@10': '1', 'eval_ir_evaluator_cosine_ndcg@1': '0.9643', 'eval_ir_evaluator_cosine_ndcg@5': '0.9799', 'eval_ir_evaluator_cosine_ndcg@10': '0.9825', 'eval_ir_evaluator_cosine_mrr@1': '0.9643', 'eval_ir_evaluator_cosine_mrr@5': '0.9756', 'eval_ir_evaluator_cosine_mrr@10': '0.9768', 'eval_ir_evaluator_cosine_map@1': '0.9643', 'eval_ir_evaluator_cosine_map@5': '0.9756', 'eval_ir_evaluator_cosine_map@10': '0.9768', 'eval_triplet_evaluator_cosine_accuracy': '0.94', 'eval_mnr_loss/avg': '0.07156', 'eval_mnr_loss/sum': '0.644', 'eval_sequential_score': '0.07156', 'eval_runtime': '2.11', 'eval_samples_per_second': '0', 'eval_steps_per_second': '0', 'epoch': '0.2442'}
{'loss': '1.259', 'grad_norm': '6.796', 'learning_rate': '1.138e-05', 'epoch': '0.4885'}
{'eval_ir_evaluator_cosine_accuracy@1': '0.9714', 'eval_ir_evaluator_cosine_accuracy@5': '1', 'eval_ir_evaluator_cosine_accuracy@10': '1', 'eval_ir_evaluator_cosine_precision@1': '0.9714', 'eval_ir_evaluator_cosine_precision@5': '0.2', 'eval_ir_evaluator_cosine_precision@10': '0.1', 'eval_ir_evaluator_cosine_recall@1': '0.9714', 'eval_ir_evaluator_cosine_recall@5': '1', 'eval_ir_evaluator_cosine_recall@10': '1', 'eval_ir_evaluator_cosine_ndcg@1': '0.9714', 'eval_ir_evaluator_cosine_ndcg@5': '0.9871', 'eval_ir_evaluator_cosine_ndcg@10': '0.9871', 'eval_ir_evaluator_cosine_mrr@1': '0.9714', 'eval_ir_evaluator_cosine_mrr@5': '0.9827', 'eval_ir_evaluator_cosine_mrr@10': '0.9827', 'eval_ir_evaluator_cosine_map@1': '0.9714', 'eval_ir_evaluator_cosine_map@5': '0.9827', 'eval_ir_evaluator_cosine_map@10': '0.9827', 'eval_triplet_evaluator_cosine_accuracy': '0.94', 'eval_mnr_loss/avg': '0.06191', 'eval_mnr_loss/sum': '0.5572', 'eval_sequential_score': '0.06191', 'eval_runtime': '1.174', 'eval_samples_per_second': '0', 'eval_steps_per_second': '0', 'epoch': '0.4885'}
