===== SLURM ENVIRONMENT =====
Job ID:    3887638
Node List: matrix101
CPUs:      8
MASTER_ADDR:PORT = matrix101:47149
GPUS_PER_NODE = 1

===== ACTIVATING CONDA ENV =====
Python: /rhome/sawale/miniconda3/envs/thesis/bin/python
Python 3.12.11

===== TORCH GPU TEST =====
CUDA available: True
Number of GPUs: 1
  GPU 0: NVIDIA A100 80GB PCIe

===== STARTING TRAINING =====
--- e1 baseline (FacebookAI/roberta-base) ---
RANK: 0; LOCAL_RANK: 0.
RANK:0;▶ Processing: msmacro_triplet
RANK:0;▶ Processing: s2orc_title_abstract
RANK:0;▶ Processing: quora_dup_triplet
RANK:0;▶ Processing: nli_for_simcse_triplet
RANK:0;▶ Processing: natural_questions
RANK:0;▶ Processing: trivia_qa_triplet
RANK:0;▶ Processing: hotpotqa
RANK:0;Total rows: 58726452
Cache directory is set to: ../data/cache_v1/NROWS_None_evaluator/validation/max_per_split_20
Transforming dataset source for Evaluation: msmacro_triplet
Loading processed data for 'msmacro_triplet' from cache.
Transforming dataset source for Evaluation: s2orc_title_abstract
Loading processed data for 's2orc_title_abstract' from cache.
Transforming dataset source for Evaluation: quora_dup_triplet
Loading processed data for 'quora_dup_triplet' from cache.
Transforming dataset source for Evaluation: nli_for_simcse_triplet
Loading processed data for 'nli_for_simcse_triplet' from cache.
Transforming dataset source for Evaluation: natural_questions
Loading processed data for 'natural_questions' from cache.
Transforming dataset source for Evaluation: trivia_qa_triplet
Loading processed data for 'trivia_qa_triplet' from cache.
Transforming dataset source for Evaluation: hotpotqa
Loading processed data for 'hotpotqa' from cache.
Prepared SequentialEvaluator with: ['ir_evaluator', 'triplet_evaluator', 'mnr_loss']
RANK:0;Starting training...
{'loss': '0.991', 'grad_norm': '4.125', 'learning_rate': '1.951e-05', 'epoch': '0.2442'}
{'eval_ir_evaluator_cosine_accuracy@1': '0.9857', 'eval_ir_evaluator_cosine_accuracy@5': '1', 'eval_ir_evaluator_cosine_accuracy@10': '1', 'eval_ir_evaluator_cosine_precision@1': '0.9857', 'eval_ir_evaluator_cosine_precision@5': '0.2', 'eval_ir_evaluator_cosine_precision@10': '0.1', 'eval_ir_evaluator_cosine_recall@1': '0.9857', 'eval_ir_evaluator_cosine_recall@5': '1', 'eval_ir_evaluator_cosine_recall@10': '1', 'eval_ir_evaluator_cosine_ndcg@1': '0.9857', 'eval_ir_evaluator_cosine_ndcg@5': '0.9929', 'eval_ir_evaluator_cosine_ndcg@10': '0.9929', 'eval_ir_evaluator_cosine_mrr@1': '0.9857', 'eval_ir_evaluator_cosine_mrr@5': '0.9905', 'eval_ir_evaluator_cosine_mrr@10': '0.9905', 'eval_ir_evaluator_cosine_map@1': '0.9857', 'eval_ir_evaluator_cosine_map@5': '0.9905', 'eval_ir_evaluator_cosine_map@10': '0.9905', 'eval_triplet_evaluator_cosine_accuracy': '0.95', 'eval_mnr_loss/avg': '0.05688', 'eval_mnr_loss/sum': '0.5119', 'eval_sequential_score': '0.05688', 'eval_runtime': '0.7579', 'eval_samples_per_second': '0', 'eval_steps_per_second': '0', 'epoch': '0.2442'}
{'loss': '0.3177', 'grad_norm': '3.359', 'learning_rate': '1.68e-05', 'epoch': '0.4885'}
{'eval_ir_evaluator_cosine_accuracy@1': '0.9857', 'eval_ir_evaluator_cosine_accuracy@5': '1', 'eval_ir_evaluator_cosine_accuracy@10': '1', 'eval_ir_evaluator_cosine_precision@1': '0.9857', 'eval_ir_evaluator_cosine_precision@5': '0.2', 'eval_ir_evaluator_cosine_precision@10': '0.1', 'eval_ir_evaluator_cosine_recall@1': '0.9857', 'eval_ir_evaluator_cosine_recall@5': '1', 'eval_ir_evaluator_cosine_recall@10': '1', 'eval_ir_evaluator_cosine_ndcg@1': '0.9857', 'eval_ir_evaluator_cosine_ndcg@5': '0.9933', 'eval_ir_evaluator_cosine_ndcg@10': '0.9933', 'eval_ir_evaluator_cosine_mrr@1': '0.9857', 'eval_ir_evaluator_cosine_mrr@5': '0.9911', 'eval_ir_evaluator_cosine_mrr@10': '0.9911', 'eval_ir_evaluator_cosine_map@1': '0.9857', 'eval_ir_evaluator_cosine_map@5': '0.9911', 'eval_ir_evaluator_cosine_map@10': '0.9911', 'eval_triplet_evaluator_cosine_accuracy': '0.96', 'eval_mnr_loss/avg': '0.05043', 'eval_mnr_loss/sum': '0.4538', 'eval_sequential_score': '0.05043', 'eval_runtime': '0.8244', 'eval_samples_per_second': '0', 'eval_steps_per_second': '0', 'epoch': '0.4885'}
{'loss': '0.299', 'grad_norm': '3.719', 'learning_rate': '1.408e-05', 'epoch': '0.7327'}
{'eval_ir_evaluator_cosine_accuracy@1': '0.9857', 'eval_ir_evaluator_cosine_accuracy@5': '1', 'eval_ir_evaluator_cosine_accuracy@10': '1', 'eval_ir_evaluator_cosine_precision@1': '0.9857', 'eval_ir_evaluator_cosine_precision@5': '0.2', 'eval_ir_evaluator_cosine_precision@10': '0.1', 'eval_ir_evaluator_cosine_recall@1': '0.9857', 'eval_ir_evaluator_cosine_recall@5': '1', 'eval_ir_evaluator_cosine_recall@10': '1', 'eval_ir_evaluator_cosine_ndcg@1': '0.9857', 'eval_ir_evaluator_cosine_ndcg@5': '0.9933', 'eval_ir_evaluator_cosine_ndcg@10': '0.9933', 'eval_ir_evaluator_cosine_mrr@1': '0.9857', 'eval_ir_evaluator_cosine_mrr@5': '0.9911', 'eval_ir_evaluator_cosine_mrr@10': '0.9911', 'eval_ir_evaluator_cosine_map@1': '0.9857', 'eval_ir_evaluator_cosine_map@5': '0.9911', 'eval_ir_evaluator_cosine_map@10': '0.9911', 'eval_triplet_evaluator_cosine_accuracy': '0.98', 'eval_mnr_loss/avg': '0.04702', 'eval_mnr_loss/sum': '0.4232', 'eval_sequential_score': '0.04702', 'eval_runtime': '1.07', 'eval_samples_per_second': '0', 'eval_steps_per_second': '0', 'epoch': '0.7327'}
{'loss': '0.2933', 'grad_norm': '3.891', 'learning_rate': '1.137e-05', 'epoch': '0.9769'}
{'eval_ir_evaluator_cosine_accuracy@1': '0.9857', 'eval_ir_evaluator_cosine_accuracy@5': '1', 'eval_ir_evaluator_cosine_accuracy@10': '1', 'eval_ir_evaluator_cosine_precision@1': '0.9857', 'eval_ir_evaluator_cosine_precision@5': '0.2', 'eval_ir_evaluator_cosine_precision@10': '0.1', 'eval_ir_evaluator_cosine_recall@1': '0.9857', 'eval_ir_evaluator_cosine_recall@5': '1', 'eval_ir_evaluator_cosine_recall@10': '1', 'eval_ir_evaluator_cosine_ndcg@1': '0.9857', 'eval_ir_evaluator_cosine_ndcg@5': '0.9924', 'eval_ir_evaluator_cosine_ndcg@10': '0.9924', 'eval_ir_evaluator_cosine_mrr@1': '0.9857', 'eval_ir_evaluator_cosine_mrr@5': '0.9899', 'eval_ir_evaluator_cosine_mrr@10': '0.9899', 'eval_ir_evaluator_cosine_map@1': '0.9857', 'eval_ir_evaluator_cosine_map@5': '0.9899', 'eval_ir_evaluator_cosine_map@10': '0.9899', 'eval_triplet_evaluator_cosine_accuracy': '0.97', 'eval_mnr_loss/avg': '0.04705', 'eval_mnr_loss/sum': '0.4235', 'eval_sequential_score': '0.04705', 'eval_runtime': '0.9153', 'eval_samples_per_second': '0', 'eval_steps_per_second': '0', 'epoch': '0.9769'}
{'loss': '0.2911', 'grad_norm': '4.156', 'learning_rate': '8.655e-06', 'epoch': '1.221'}
{'eval_ir_evaluator_cosine_accuracy@1': '0.9857', 'eval_ir_evaluator_cosine_accuracy@5': '1', 'eval_ir_evaluator_cosine_accuracy@10': '1', 'eval_ir_evaluator_cosine_precision@1': '0.9857', 'eval_ir_evaluator_cosine_precision@5': '0.2', 'eval_ir_evaluator_cosine_precision@10': '0.1', 'eval_ir_evaluator_cosine_recall@1': '0.9857', 'eval_ir_evaluator_cosine_recall@5': '1', 'eval_ir_evaluator_cosine_recall@10': '1', 'eval_ir_evaluator_cosine_ndcg@1': '0.9857', 'eval_ir_evaluator_cosine_ndcg@5': '0.9933', 'eval_ir_evaluator_cosine_ndcg@10': '0.9933', 'eval_ir_evaluator_cosine_mrr@1': '0.9857', 'eval_ir_evaluator_cosine_mrr@5': '0.9911', 'eval_ir_evaluator_cosine_mrr@10': '0.9911', 'eval_ir_evaluator_cosine_map@1': '0.9857', 'eval_ir_evaluator_cosine_map@5': '0.9911', 'eval_ir_evaluator_cosine_map@10': '0.9911', 'eval_triplet_evaluator_cosine_accuracy': '0.98', 'eval_mnr_loss/avg': '0.04759', 'eval_mnr_loss/sum': '0.4283', 'eval_sequential_score': '0.04759', 'eval_runtime': '1.004', 'eval_samples_per_second': '0', 'eval_steps_per_second': '0', 'epoch': '1.221'}
{'loss': '0.2889', 'grad_norm': '3.906', 'learning_rate': '5.942e-06', 'epoch': '1.465'}
{'eval_ir_evaluator_cosine_accuracy@1': '0.9857', 'eval_ir_evaluator_cosine_accuracy@5': '1', 'eval_ir_evaluator_cosine_accuracy@10': '1', 'eval_ir_evaluator_cosine_precision@1': '0.9857', 'eval_ir_evaluator_cosine_precision@5': '0.2', 'eval_ir_evaluator_cosine_precision@10': '0.1', 'eval_ir_evaluator_cosine_recall@1': '0.9857', 'eval_ir_evaluator_cosine_recall@5': '1', 'eval_ir_evaluator_cosine_recall@10': '1', 'eval_ir_evaluator_cosine_ndcg@1': '0.9857', 'eval_ir_evaluator_cosine_ndcg@5': '0.9933', 'eval_ir_evaluator_cosine_ndcg@10': '0.9933', 'eval_ir_evaluator_cosine_mrr@1': '0.9857', 'eval_ir_evaluator_cosine_mrr@5': '0.9911', 'eval_ir_evaluator_cosine_mrr@10': '0.9911', 'eval_ir_evaluator_cosine_map@1': '0.9857', 'eval_ir_evaluator_cosine_map@5': '0.9911', 'eval_ir_evaluator_cosine_map@10': '0.9911', 'eval_triplet_evaluator_cosine_accuracy': '0.97', 'eval_mnr_loss/avg': '0.04711', 'eval_mnr_loss/sum': '0.424', 'eval_sequential_score': '0.04711', 'eval_runtime': '1.145', 'eval_samples_per_second': '0', 'eval_steps_per_second': '0', 'epoch': '1.465'}
{'loss': '0.2902', 'grad_norm': '4.5', 'learning_rate': '3.228e-06', 'epoch': '1.71'}
{'eval_ir_evaluator_cosine_accuracy@1': '0.9857', 'eval_ir_evaluator_cosine_accuracy@5': '1', 'eval_ir_evaluator_cosine_accuracy@10': '1', 'eval_ir_evaluator_cosine_precision@1': '0.9857', 'eval_ir_evaluator_cosine_precision@5': '0.2', 'eval_ir_evaluator_cosine_precision@10': '0.1', 'eval_ir_evaluator_cosine_recall@1': '0.9857', 'eval_ir_evaluator_cosine_recall@5': '1', 'eval_ir_evaluator_cosine_recall@10': '1', 'eval_ir_evaluator_cosine_ndcg@1': '0.9857', 'eval_ir_evaluator_cosine_ndcg@5': '0.9933', 'eval_ir_evaluator_cosine_ndcg@10': '0.9933', 'eval_ir_evaluator_cosine_mrr@1': '0.9857', 'eval_ir_evaluator_cosine_mrr@5': '0.9911', 'eval_ir_evaluator_cosine_mrr@10': '0.9911', 'eval_ir_evaluator_cosine_map@1': '0.9857', 'eval_ir_evaluator_cosine_map@5': '0.9911', 'eval_ir_evaluator_cosine_map@10': '0.9911', 'eval_triplet_evaluator_cosine_accuracy': '0.98', 'eval_mnr_loss/avg': '0.04682', 'eval_mnr_loss/sum': '0.4214', 'eval_sequential_score': '0.04682', 'eval_runtime': '0.8359', 'eval_samples_per_second': '0', 'eval_steps_per_second': '0', 'epoch': '1.71'}
{'loss': '0.2913', 'grad_norm': '3.828', 'learning_rate': '5.142e-07', 'epoch': '1.954'}
{'eval_ir_evaluator_cosine_accuracy@1': '0.9857', 'eval_ir_evaluator_cosine_accuracy@5': '1', 'eval_ir_evaluator_cosine_accuracy@10': '1', 'eval_ir_evaluator_cosine_precision@1': '0.9857', 'eval_ir_evaluator_cosine_precision@5': '0.2', 'eval_ir_evaluator_cosine_precision@10': '0.1', 'eval_ir_evaluator_cosine_recall@1': '0.9857', 'eval_ir_evaluator_cosine_recall@5': '1', 'eval_ir_evaluator_cosine_recall@10': '1', 'eval_ir_evaluator_cosine_ndcg@1': '0.9857', 'eval_ir_evaluator_cosine_ndcg@5': '0.9933', 'eval_ir_evaluator_cosine_ndcg@10': '0.9933', 'eval_ir_evaluator_cosine_mrr@1': '0.9857', 'eval_ir_evaluator_cosine_mrr@5': '0.9911', 'eval_ir_evaluator_cosine_mrr@10': '0.9911', 'eval_ir_evaluator_cosine_map@1': '0.9857', 'eval_ir_evaluator_cosine_map@5': '0.9911', 'eval_ir_evaluator_cosine_map@10': '0.9911', 'eval_triplet_evaluator_cosine_accuracy': '0.97', 'eval_mnr_loss/avg': '0.04691', 'eval_mnr_loss/sum': '0.4222', 'eval_sequential_score': '0.04691', 'eval_runtime': '1.037', 'eval_samples_per_second': '0', 'eval_steps_per_second': '0', 'epoch': '1.954'}
{'eval_ir_evaluator_cosine_accuracy@1': '0.9857', 'eval_ir_evaluator_cosine_accuracy@5': '1', 'eval_ir_evaluator_cosine_accuracy@10': '1', 'eval_ir_evaluator_cosine_precision@1': '0.9857', 'eval_ir_evaluator_cosine_precision@5': '0.2', 'eval_ir_evaluator_cosine_precision@10': '0.1', 'eval_ir_evaluator_cosine_recall@1': '0.9857', 'eval_ir_evaluator_cosine_recall@5': '1', 'eval_ir_evaluator_cosine_recall@10': '1', 'eval_ir_evaluator_cosine_ndcg@1': '0.9857', 'eval_ir_evaluator_cosine_ndcg@5': '0.9933', 'eval_ir_evaluator_cosine_ndcg@10': '0.9933', 'eval_ir_evaluator_cosine_mrr@1': '0.9857', 'eval_ir_evaluator_cosine_mrr@5': '0.9911', 'eval_ir_evaluator_cosine_mrr@10': '0.9911', 'eval_ir_evaluator_cosine_map@1': '0.9857', 'eval_ir_evaluator_cosine_map@5': '0.9911', 'eval_ir_evaluator_cosine_map@10': '0.9911', 'eval_triplet_evaluator_cosine_accuracy': '0.97', 'eval_mnr_loss/avg': '0.04689', 'eval_mnr_loss/sum': '0.422', 'eval_sequential_score': '0.04689', 'eval_runtime': '0.8369', 'eval_samples_per_second': '0', 'eval_steps_per_second': '0', 'epoch': '2'}
{'train_runtime': '7.009e+04', 'train_samples_per_second': '1592', 'train_steps_per_second': '0.234', 'train_loss': '0.3807', 'epoch': '2'}
RANK:0;Finished training...
RANK: 0; Elapsed time: 70229.67 seconds
--- e1 baseline (roberta) done ---
===== TRAINING DONE =====
