\BOOKMARK [0][-]{chapter*.1}{\376\377\000A\000b\000s\000t\000r\000a\000c\000t}{}% 1
\BOOKMARK [0][-]{chapter*.2}{\376\377\000A\000c\000k\000n\000o\000w\000l\000e\000d\000g\000e\000m\000e\000n\000t\000s}{}% 2
\BOOKMARK [0][-]{chapter*.3}{\376\377\000T\000a\000b\000l\000e\000\040\000o\000f\000\040\000C\000o\000n\000t\000e\000n\000t\000s}{}% 3
\BOOKMARK [0][-]{section*.4}{\376\377\000L\000i\000s\000t\000\040\000o\000f\000\040\000F\000i\000g\000u\000r\000e\000s}{}% 4
\BOOKMARK [0][-]{section*.6}{\376\377\000L\000i\000s\000t\000\040\000o\000f\000\040\000T\000a\000b\000l\000e\000s}{}% 5
\BOOKMARK [0][-]{chapter.1}{\376\377\000C\000h\000a\000p\000t\000e\000r\000\040\0001\000.\000\040\000I\000n\000t\000r\000o\000d\000u\000c\000t\000i\000o\000n}{}% 6
\BOOKMARK [1][-]{section.1.1}{\376\377\000M\000o\000t\000i\000v\000a\000t\000i\000o\000n}{chapter.1}% 7
\BOOKMARK [1][-]{section.1.2}{\376\377\000E\000m\000b\000e\000d\000d\000i\000n\000g\000\040\000C\000o\000m\000p\000r\000e\000s\000s\000i\000o\000n\000\040\000L\000a\000n\000d\000s\000c\000a\000p\000e}{chapter.1}% 8
\BOOKMARK [1][-]{section.1.3}{\376\377\000P\000r\000o\000b\000l\000e\000m\000\040\000S\000t\000a\000t\000e\000m\000e\000n\000t}{chapter.1}% 9
\BOOKMARK [1][-]{section.1.4}{\376\377\000R\000e\000s\000e\000a\000r\000c\000h\000\040\000Q\000u\000e\000s\000t\000i\000o\000n\000s}{chapter.1}% 10
\BOOKMARK [1][-]{section.1.5}{\376\377\000C\000o\000n\000t\000r\000i\000b\000u\000t\000i\000o\000n\000s}{chapter.1}% 11
\BOOKMARK [1][-]{section.1.6}{\376\377\000T\000h\000e\000s\000i\000s\000\040\000O\000r\000g\000a\000n\000i\000z\000a\000t\000i\000o\000n}{chapter.1}% 12
\BOOKMARK [0][-]{chapter.2}{\376\377\000C\000h\000a\000p\000t\000e\000r\000\040\0002\000.\000\040\000B\000a\000c\000k\000g\000r\000o\000u\000n\000d\000\040\000a\000n\000d\000\040\000R\000e\000l\000a\000t\000e\000d\000\040\000W\000o\000r\000k}{}% 13
\BOOKMARK [1][-]{section.2.1}{\376\377\000D\000e\000n\000s\000e\000\040\000R\000e\000t\000r\000i\000e\000v\000a\000l\000\040\000w\000i\000t\000h\000\040\000B\000i\000-\000E\000n\000c\000o\000d\000e\000r\000s}{chapter.2}% 14
\BOOKMARK [2][-]{subsection.2.1.1}{\376\377\000T\000r\000a\000n\000s\000f\000o\000r\000m\000e\000r\000\040\000E\000n\000c\000o\000d\000e\000r\000s}{section.2.1}% 15
\BOOKMARK [2][-]{subsection.2.1.2}{\376\377\000B\000i\000-\000E\000n\000c\000o\000d\000e\000r\000\040\000A\000r\000c\000h\000i\000t\000e\000c\000t\000u\000r\000e}{section.2.1}% 16
\BOOKMARK [2][-]{subsection.2.1.3}{\376\377\000B\000G\000E\000-\000b\000a\000s\000e\000-\000e\000n\000-\000v\0001\000.\0005}{section.2.1}% 17
\BOOKMARK [2][-]{subsection.2.1.4}{\376\377\000R\000o\000B\000E\000R\000T\000a\000-\000b\000a\000s\000e}{section.2.1}% 18
\BOOKMARK [2][-]{subsection.2.1.5}{\376\377\000M\000P\000N\000e\000t\000-\000b\000a\000s\000e}{section.2.1}% 19
\BOOKMARK [1][-]{section.2.2}{\376\377\000C\000o\000n\000t\000r\000a\000s\000t\000i\000v\000e\000\040\000L\000e\000a\000r\000n\000i\000n\000g\000\040\000f\000o\000r\000\040\000D\000e\000n\000s\000e\000\040\000R\000e\000t\000r\000i\000e\000v\000a\000l}{chapter.2}% 20
\BOOKMARK [2][-]{subsection.2.2.1}{\376\377\000T\000h\000e\000\040\000I\000n\000f\000o\000N\000C\000E\000\040\000O\000b\000j\000e\000c\000t\000i\000v\000e}{section.2.2}% 21
\BOOKMARK [2][-]{subsection.2.2.2}{\376\377\000M\000u\000l\000t\000i\000p\000l\000e\000\040\000N\000e\000g\000a\000t\000i\000v\000e\000s\000\040\000R\000a\000n\000k\000i\000n\000g\000\040\000L\000o\000s\000s}{section.2.2}% 22
\BOOKMARK [1][-]{section.2.3}{\376\377\000E\000m\000b\000e\000d\000d\000i\000n\000g\000\040\000C\000o\000m\000p\000r\000e\000s\000s\000i\000o\000n\000\040\000M\000e\000t\000h\000o\000d\000s}{chapter.2}% 23
\BOOKMARK [2][-]{subsection.2.3.1}{\376\377\000S\000c\000a\000l\000a\000r\000\040\000Q\000u\000a\000n\000t\000i\000z\000a\000t\000i\000o\000n}{section.2.3}% 24
\BOOKMARK [2][-]{subsection.2.3.2}{\376\377\000B\000i\000n\000a\000r\000y\000\040\000Q\000u\000a\000n\000t\000i\000z\000a\000t\000i\000o\000n}{section.2.3}% 25
\BOOKMARK [2][-]{subsection.2.3.3}{\376\377\000P\000r\000o\000d\000u\000c\000t\000\040\000Q\000u\000a\000n\000t\000i\000z\000a\000t\000i\000o\000n}{section.2.3}% 26
\BOOKMARK [2][-]{subsection.2.3.4}{\376\377\000T\000u\000r\000b\000o\000Q\000u\000a\000n\000t}{section.2.3}% 27
\BOOKMARK [2][-]{subsection.2.3.5}{\376\377\000S\000t\000r\000a\000i\000g\000h\000t\000-\000T\000h\000r\000o\000u\000g\000h\000\040\000E\000s\000t\000i\000m\000a\000t\000o\000r\000\040\000B\000i\000n\000a\000r\000i\000z\000a\000t\000i\000o\000n}{section.2.3}% 28
\BOOKMARK [2][-]{subsection.2.3.6}{\376\377\000A\000n\000n\000e\000a\000l\000e\000d\000\040\000T\000a\000n\000h\000\040\000B\000i\000n\000a\000r\000i\000z\000a\000t\000i\000o\000n}{section.2.3}% 29
\BOOKMARK [2][-]{subsection.2.3.7}{\376\377\000M\000a\000t\000r\000y\000o\000s\000h\000k\000a\000\040\000R\000e\000p\000r\000e\000s\000e\000n\000t\000a\000t\000i\000o\000n\000\040\000L\000e\000a\000r\000n\000i\000n\000g}{section.2.3}% 30
\BOOKMARK [1][-]{section.2.4}{\376\377\000I\000n\000f\000o\000r\000m\000a\000t\000i\000o\000n\000\040\000R\000e\000t\000r\000i\000e\000v\000a\000l\000\040\000E\000v\000a\000l\000u\000a\000t\000i\000o\000n}{chapter.2}% 31
\BOOKMARK [2][-]{subsection.2.4.1}{\376\377\000R\000a\000n\000k\000i\000n\000g\000\040\000M\000e\000t\000r\000i\000c\000s}{section.2.4}% 32
\BOOKMARK [2][-]{subsection.2.4.2}{\376\377\000S\000t\000a\000t\000i\000s\000t\000i\000c\000a\000l\000\040\000S\000i\000g\000n\000i\000f\000i\000c\000a\000n\000c\000e\000\040\000T\000e\000s\000t\000i\000n\000g}{section.2.4}% 33
\BOOKMARK [1][-]{section.2.5}{\376\377\000R\000e\000l\000a\000t\000e\000d\000\040\000W\000o\000r\000k}{chapter.2}% 34
\BOOKMARK [0][-]{chapter.3}{\376\377\000C\000h\000a\000p\000t\000e\000r\000\040\0003\000.\000\040\000D\000a\000t\000a\000s\000e\000t\000s}{}% 35
\BOOKMARK [1][-]{section.3.1}{\376\377\000T\000r\000a\000i\000n\000i\000n\000g\000\040\000D\000a\000t\000a}{chapter.3}% 36
\BOOKMARK [2][-]{subsection.3.1.1}{\376\377\000D\000a\000t\000a\000s\000e\000t\000\040\000S\000o\000u\000r\000c\000e\000s}{section.3.1}% 37
\BOOKMARK [2][-]{subsection.3.1.2}{\376\377\000W\000e\000i\000g\000h\000t\000e\000d\000\040\000B\000a\000t\000c\000h\000\040\000S\000a\000m\000p\000l\000i\000n\000g}{section.3.1}% 38
\BOOKMARK [1][-]{section.3.2}{\376\377\000E\000v\000a\000l\000u\000a\000t\000i\000o\000n\000\040\000B\000e\000n\000c\000h\000m\000a\000r\000k}{chapter.3}% 39
\BOOKMARK [2][-]{subsection.3.2.1}{\376\377\000N\000a\000n\000o\000B\000E\000I\000R}{section.3.2}% 40
\BOOKMARK [0][-]{chapter.4}{\376\377\000C\000h\000a\000p\000t\000e\000r\000\040\0004\000.\000\040\000M\000e\000t\000h\000o\000d\000o\000l\000o\000g\000y}{}% 41
\BOOKMARK [1][-]{section.4.1}{\376\377\000E\000x\000p\000e\000r\000i\000m\000e\000n\000t\000a\000l\000\040\000D\000e\000s\000i\000g\000n}{chapter.4}% 42
\BOOKMARK [1][-]{section.4.2}{\376\377\000T\000r\000a\000i\000n\000i\000n\000g\000\040\000I\000n\000f\000r\000a\000s\000t\000r\000u\000c\000t\000u\000r\000e\000\040\000a\000n\000d\000\040\000H\000y\000p\000e\000r\000p\000a\000r\000a\000m\000e\000t\000e\000r\000s}{chapter.4}% 43
\BOOKMARK [2][-]{subsection.4.2.1}{\376\377\000B\000a\000c\000k\000b\000o\000n\000e\000\040\000M\000o\000d\000e\000l\000s}{section.4.2}% 44
\BOOKMARK [2][-]{subsection.4.2.2}{\376\377\000T\000r\000a\000i\000n\000i\000n\000g\000\040\000S\000e\000t\000u\000p}{section.4.2}% 45
\BOOKMARK [2][-]{subsection.4.2.3}{\376\377\000H\000y\000p\000e\000r\000p\000a\000r\000a\000m\000e\000t\000e\000r\000s}{section.4.2}% 46
\BOOKMARK [1][-]{section.4.3}{\376\377\000B\000a\000s\000e\000l\000i\000n\000e\000\040\000F\000i\000n\000e\000-\000T\000u\000n\000i\000n\000g}{chapter.4}% 47
\BOOKMARK [1][-]{section.4.4}{\376\377\000T\000r\000a\000i\000n\000i\000n\000g\000-\000T\000i\000m\000e\000\040\000C\000o\000m\000p\000r\000e\000s\000s\000i\000o\000n\000\040\000E\000x\000p\000e\000r\000i\000m\000e\000n\000t\000s}{chapter.4}% 48
\BOOKMARK [2][-]{subsection.4.4.1}{\376\377\000S\000T\000E\000\040\000B\000i\000n\000a\000r\000i\000z\000a\000t\000i\000o\000n\000-\000A\000w\000a\000r\000e\000\040\000T\000r\000a\000i\000n\000i\000n\000g}{section.4.4}% 49
\BOOKMARK [2][-]{subsection.4.4.2}{\376\377\000M\000R\000L\000\040\000F\000i\000n\000e\000-\000T\000u\000n\000i\000n\000g}{section.4.4}% 50
\BOOKMARK [2][-]{subsection.4.4.3}{\376\377\000J\000o\000i\000n\000t\000\040\000M\000R\000L\000\040\000a\000n\000d\000\040\000S\000T\000E\000\040\000B\000i\000n\000a\000r\000i\000z\000a\000t\000i\000o\000n\000-\000A\000w\000a\000r\000e\000\040\000T\000r\000a\000i\000n\000i\000n\000g}{section.4.4}% 51
\BOOKMARK [2][-]{subsection.4.4.4}{\376\377\000A\000n\000n\000e\000a\000l\000e\000d\000\040\000T\000a\000n\000h\000\040\000B\000i\000n\000a\000r\000i\000z\000a\000t\000i\000o\000n\000-\000A\000w\000a\000r\000e\000\040\000T\000r\000a\000i\000n\000i\000n\000g}{section.4.4}% 52
\BOOKMARK [2][-]{subsection.4.4.5}{\376\377\000J\000o\000i\000n\000t\000\040\000M\000R\000L\000\040\000a\000n\000d\000\040\000A\000n\000n\000e\000a\000l\000e\000d\000\040\000T\000a\000n\000h\000\040\000B\000i\000n\000a\000r\000i\000z\000a\000t\000i\000o\000n\000-\000A\000w\000a\000r\000e\000\040\000T\000r\000a\000i\000n\000i\000n\000g}{section.4.4}% 53
\BOOKMARK [1][-]{section.4.5}{\376\377\000P\000o\000s\000t\000-\000H\000o\000c\000\040\000C\000o\000m\000p\000r\000e\000s\000s\000i\000o\000n}{chapter.4}% 54
\BOOKMARK [2][-]{subsection.4.5.1}{\376\377\000I\000N\000T\0008\000\040\000S\000c\000a\000l\000a\000r\000\040\000Q\000u\000a\000n\000t\000i\000z\000a\000t\000i\000o\000n}{section.4.5}% 55
\BOOKMARK [2][-]{subsection.4.5.2}{\376\377\000B\000i\000n\000a\000r\000y\000\040\000Q\000u\000a\000n\000t\000i\000z\000a\000t\000i\000o\000n}{section.4.5}% 56
\BOOKMARK [2][-]{subsection.4.5.3}{\376\377\000P\000r\000o\000d\000u\000c\000t\000\040\000Q\000u\000a\000n\000t\000i\000z\000a\000t\000i\000o\000n}{section.4.5}% 57
\BOOKMARK [2][-]{subsection.4.5.4}{\376\377\000T\000u\000r\000b\000o\000Q\000u\000a\000n\000t}{section.4.5}% 58
\BOOKMARK [1][-]{section.4.6}{\376\377\000S\000t\000a\000c\000k\000e\000d\000\040\000C\000o\000m\000b\000i\000n\000a\000t\000i\000o\000n\000s}{chapter.4}% 59
\BOOKMARK [1][-]{section.4.7}{\376\377\000E\000v\000a\000l\000u\000a\000t\000i\000o\000n\000\040\000F\000r\000a\000m\000e\000w\000o\000r\000k}{chapter.4}% 60
\BOOKMARK [2][-]{subsection.4.7.1}{\376\377\000E\000m\000b\000e\000d\000d\000i\000n\000g\000\040\000C\000a\000c\000h\000e\000\040\000a\000n\000d\000\040\000T\000r\000a\000n\000s\000f\000o\000r\000m\000\040\000P\000i\000p\000e\000l\000i\000n\000e}{section.4.7}% 61
\BOOKMARK [2][-]{subsection.4.7.2}{\376\377\000M\000e\000t\000r\000i\000c\000s}{section.4.7}% 62
\BOOKMARK [2][-]{subsection.4.7.3}{\376\377\000M\000e\000m\000o\000r\000y\000\040\000B\000u\000d\000g\000e\000t\000\040\000a\000n\000d\000\040\000C\000o\000m\000p\000r\000e\000s\000s\000i\000o\000n\000\040\000R\000a\000t\000i\000o}{section.4.7}% 63
\BOOKMARK [2][-]{subsection.4.7.4}{\376\377\000S\000t\000a\000t\000i\000s\000t\000i\000c\000a\000l\000\040\000S\000i\000g\000n\000i\000f\000i\000c\000a\000n\000c\000e\000\040\000T\000e\000s\000t\000i\000n\000g}{section.4.7}% 64
\BOOKMARK [0][-]{chapter.5}{\376\377\000E\000x\000p\000e\000r\000i\000m\000e\000n\000t\000s\000\040\000a\000n\000d\000\040\000R\000e\000s\000u\000l\000t\000s}{}% 65
\BOOKMARK [1][-]{section.5.1}{\376\377\000E\000v\000a\000l\000u\000a\000t\000i\000o\000n\000\040\000S\000e\000t\000u\000p}{chapter.5}% 66
\BOOKMARK [1][-]{section.5.2}{\376\377\000F\000l\000o\000a\000t\0003\0002\000\040\000B\000a\000s\000e\000l\000i\000n\000e\000s}{chapter.5}% 67
\BOOKMARK [1][-]{section.5.3}{\376\377\000P\000o\000s\000t\000-\000H\000o\000c\000\040\000C\000o\000m\000p\000r\000e\000s\000s\000i\000o\000n}{chapter.5}% 68
\BOOKMARK [2][-]{subsection.5.3.1}{\376\377\000I\000N\000T\0008\000\040\000S\000c\000a\000l\000a\000r\000\040\000Q\000u\000a\000n\000t\000i\000s\000a\000t\000i\000o\000n}{section.5.3}% 69
\BOOKMARK [2][-]{subsection.5.3.2}{\376\377\000B\000i\000n\000a\000r\000y\000\040\000Q\000u\000a\000n\000t\000i\000s\000a\000t\000i\000o\000n}{section.5.3}% 70
\BOOKMARK [2][-]{subsection.5.3.3}{\376\377\000P\000r\000o\000d\000u\000c\000t\000\040\000Q\000u\000a\000n\000t\000i\000s\000a\000t\000i\000o\000n}{section.5.3}% 71
\BOOKMARK [2][-]{subsection.5.3.4}{\376\377\000T\000u\000r\000b\000o\000Q\000u\000a\000n\000t}{section.5.3}% 72
\BOOKMARK [2][-]{subsection.5.3.5}{\376\377\000C\000r\000o\000s\000s\000-\000M\000e\000t\000h\000o\000d\000\040\000C\000o\000m\000p\000a\000r\000i\000s\000o\000n\000\040\000a\000t\000\040\0003\0002}{section.5.3}% 73
\BOOKMARK [1][-]{section.5.4}{\376\377\000T\000r\000a\000i\000n\000i\000n\000g\000-\000T\000i\000m\000e\000\040\000C\000o\000m\000p\000r\000e\000s\000s\000i\000o\000n}{chapter.5}% 74
\BOOKMARK [2][-]{subsection.5.4.1}{\376\377\000B\000i\000n\000a\000r\000i\000s\000a\000t\000i\000o\000n\000-\000A\000w\000a\000r\000e\000\040\000T\000r\000a\000i\000n\000i\000n\000g\000:\000\040\000S\000T\000E\000\040\000a\000n\000d\000\040\000A\000n\000n\000e\000a\000l\000e\000d\000\040\000T\000a\000n\000h}{section.5.4}% 75
\BOOKMARK [2][-]{subsection.5.4.2}{\376\377\000M\000a\000t\000r\000y\000o\000s\000h\000k\000a\000\040\000R\000e\000p\000r\000e\000s\000e\000n\000t\000a\000t\000i\000o\000n\000\040\000L\000e\000a\000r\000n\000i\000n\000g}{section.5.4}% 76
\BOOKMARK [1][-]{section.5.5}{\376\377\000S\000t\000a\000c\000k\000e\000d\000\040\000C\000o\000m\000b\000i\000n\000a\000t\000i\000o\000n\000s}{chapter.5}% 77
\BOOKMARK [1][-]{section.5.6}{\376\377\000P\000a\000r\000e\000t\000o\000\040\000A\000n\000a\000l\000y\000s\000i\000s}{chapter.5}% 78
\BOOKMARK [2][-]{subsection.5.6.1}{\376\377\000P\000a\000r\000e\000t\000o\000\040\000F\000r\000o\000n\000t\000i\000e\000r\000s}{section.5.6}% 79
\BOOKMARK [2][-]{subsection.5.6.2}{\376\377\000B\000e\000s\000t\000\040\000M\000e\000t\000h\000o\000d\000\040\000a\000t\000\040\000E\000a\000c\000h\000\040\000C\000o\000m\000p\000r\000e\000s\000s\000i\000o\000n\000\040\000B\000u\000d\000g\000e\000t}{section.5.6}% 80
\BOOKMARK [2][-]{subsection.5.6.3}{\376\377\000T\000r\000a\000i\000n\000i\000n\000g\000-\000T\000i\000m\000e\000\040\000v\000e\000r\000s\000u\000s\000\040\000P\000o\000s\000t\000-\000H\000o\000c\000\040\000M\000e\000t\000h\000o\000d\000s\000\040\000o\000n\000\040\000t\000h\000e\000\040\000F\000r\000o\000n\000t\000i\000e\000r}{section.5.6}% 81
\BOOKMARK [1][-]{section.5.7}{\376\377\000C\000r\000o\000s\000s\000-\000B\000a\000c\000k\000b\000o\000n\000e\000\040\000G\000e\000n\000e\000r\000a\000l\000i\000s\000a\000b\000i\000l\000i\000t\000y}{chapter.5}% 82
\BOOKMARK [1][-]{section.5.8}{\376\377\000D\000i\000s\000c\000u\000s\000s\000i\000o\000n}{chapter.5}% 83
\BOOKMARK [0][-]{paragraph.5.8.0.0.4}{\376\377\000R\000e\000f\000e\000r\000e\000n\000c\000e\000s}{}% 84
\BOOKMARK [0][-]{appendix*.33}{\376\377\000A\000p\000p\000e\000n\000d\000i\000x\000\040\000A\000:\000\040\000A\000n\000n\000e\000a\000l\000i\000n\000g\000\040\000R\000a\000t\000e\000\040\000A\000b\000l\000a\000t\000i\000o\000n}{}% 85
\BOOKMARK [1][-]{section.Alph0.1}{\376\377\000E\000f\000f\000e\000c\000t\000\040\000o\000f\000\040\000\040\000o\000n\000\040\000A\000n\000n\000e\000a\000l\000e\000d\000\040\000T\000a\000n\000h\000\040\000B\000i\000n\000a\000r\000i\000z\000a\000t\000i\000o\000n\000-\000A\000w\000a\000r\000e\000\040\000T\000r\000a\000i\000n\000i\000n\000g}{appendix*.33}% 86
